--------------------------------------------------------------------------------
JobId          : aq92-0-681b6667
Name           : ligprep_1_sitagliptin
Program        : LigPrep
Version        : 2024-1 build 135
Host           : aq92
Dir            : /media/TC_Lehre/storage/meinschad_lukas_ff_pr/2025/Day_3/docking_my_protein/ligprep_1_sitagliptin
HostEntry      : localhost
JobHost        : aq92
JobDir         : /scratch/praktikum/ligprep_1_sitagliptin
JobSchrodinger : /usr/local/schrodinger2024-1
Commandline    : /usr/local/schrodinger2024-1/ligprep -inp /media/TC_Lehre/storage/meinschad_lukas_ff_pr/2025/Day_3/docking_my_protein/ligprep_1_sitagliptin/ligprep_1_sitagliptin.inp -NJOBS 1 -JOBNAME ligprep_1_sitagliptin -HOST localhost:1 -DISP append -VIEWNAME ligprep_job -PROJ /media/TC_Lehre/storage/meinschad_lukas_ff_pr/2025/Day_3/docking_my_protein/dipeptidyl_peptidase_4_docking.prj
StartTime      : 2025-05-07-15:55:52
--------------------------------------------------------------------------------
[running at reduced cpu priority]
LigPrep (version 69135). Copyright Schrodinger, LLC. All rights reserved.

LigPrep command:
$SCHRODINGER/ligprep -ma 500 -bff 16 -ph 7.5 -epik -g -s 32 -imae ligprep_1_sitagliptin.maegz -omae ligprep_1_sitagliptin-out.maegz

Processing steps:
$DO.htreat -t All-None -a all -s -l 500 <infile.mae> <outfile.mae>
$DO.desalter <infile.mae> <outfile.mae>
$DO.neutralizer -m 500 <infile.mae> <outfile.mae>
$DO.guard <infile.mae> <outfile.mae>
$DO.epik.py -ph 7.5 -tn 8 -ma 500 -imae <infile.mae> -omae <outfile.mae>
$DO.stereoizer -label_specified_chiralities -n 32 -g <infile.mae> <outfile.mae>
$DO.cgx -optimize -ffld 16 -epsilon 10.0 <infile.mae> <outfile.mae>
$DO.filterstereo -max_stereo 32 <infile.mae> <outfile.mae>

DO=$SCHRODINGER/run python3 -m schrodinger.application.macromodel.packages.ligprep3

# counts of output and dropped structures after processing steps
# index  htreat  desalt  neutra   guard   epik   stereo    cgx   filter  title
       1   1/0     1/0     1/0     1/0     2/0     2/0     2/0     2/0   '1X70_prepared_dry_ligand'

# of processed structures in "ligprep_1_sitagliptin-out.maegz" : 2
# of dropped structures in "ligprep_1_sitagliptin-dropped.maegz" : 0

backend run time: 0 hours 0 minutes 3.503 seconds
