
====================================
            Glide Script            
====================================

mmshare         e304c7da19
glide-src       0ca00f32ab
psp-src         e85839dc34
macromodel-src  9753ab8ec4
epik-src        71ce3f965c

--------------------------------------------------------------------------------
JobId          : aq92-0-681b75f8
Name           : glide_dock_ligands_r05violated_5
Program        : Glide
Version        : 2024-1 build 135
Host           : aq92
Dir            : /media/TC_Lehre/storage/meinschad_lukas_ff_pr/2025/Day_3/docking_my_protein/glide_dock_ligands_r05violated_5
HostEntry      : localhost
JobHost        : aq92
JobDir         : /scratch/praktikum/glide_dock_ligands_r05violated_5
JobSchrodinger : /usr/local/schrodinger2024-1
Commandline    : /usr/local/schrodinger2024-1/glide glide_dock_ligands_r05violated_5.in -OVERWRITE -adjust -HOST localhost:1 -PROJ /media/TC_Lehre/storage/meinschad_lukas_ff_pr/2025/Day_3/docking_my_protein/dipeptidyl_peptidase_4_docking.prj -DISP append -VIEWNAME glide_docking_gui.DockingPanel -TMPLAUNCHDIR
StartTime      : 2025-05-07-17:02:17
--------------------------------------------------------------------------------

Running locally: False
Max retries: 2
Input file: glide_dock_ligands_r05violated_5.in

Setting up docking job
Separating ligands...
.                                                       1388
Number of structures that are to be docked: 1388
Setting up Glide docking jobs...

Running subjobs on hosts:
  localhost (Max: 1)
Number of jobs:       2
Max retries per job:  2
Max allowed failures: unlimited
Verbosity:            normal

Starting JobDJ...

Keep one job on driver host: False
Smart license checking: True
JobDJ columns:
  C: Number of completed subjobs
  A: Number of active subjobs (e.g., submitted, running)
  W: Number of waiting/pending subjobs

C A W | Activity  JobId  JobName  JobHost
- - - | --------- -----------------------
0 1 1 | launched  aq92-0-681b75ff glide_dock_ligands_r05violated_5-0001 localhost [aq92]
1 0 1 | finished  aq92-0-681b75ff glide_dock_ligands_r05violated_5-0001 localhost [aq92]
1 1 0 | launched  aq92-0-681b904e glide_dock_ligands_r05violated_5-0002 localhost [aq92]
2 0 0 | finished  aq92-0-681b904e glide_dock_ligands_r05violated_5-0002 localhost [aq92]

All jobs have completed.

2 of 2 job(s) succeeded; 0 job(s) failed.

All jobs succeeded: 1388 ligands done.
Writing 1,204 poses to glide_dock_ligands_r05violated_5_pv.maegz; database holds 1,204 poses.
Best docking score: -10.443

Some ligands were not docked for the following reasons:

   Count  Reason
--------  ------------------------------------------------------------
     122  NO POSES STORED FOR LIGAND
      44  NO GOOD POSES FOUND
      14  INVALID ATOM(S), ETC.
       4  GRID-ENERGY MIN FAILED

Writing glide_dock_ligands_r05violated_5.csv
Writing glide_dock_ligands_r05violated_5_skip.csv
Combining log files to glide_dock_ligands_r05violated_5_subjobs.log
Archiving subjob pose files in glide_dock_ligands_r05violated_5_subjob_poses.zip
Archiving subjob input and log files in glide_dock_ligands_r05violated_5_subjobs.tar.gz
Cleaning up...

Elapsed times:
- preprocessing: 0.6 s
- running subjobs: 11172.5 s
- postprocessing: 1.6 s
- cleanup: 0.6 s

All Glide docking subjobs: Total CPU time = 3 hours, 5 minutes, and 58 seconds

Finished at: Wed May  7 20:08:35 2025
Total elapsed time for Glide script = 3 hours, 6 minutes, and 16 seconds
[running at reduced cpu priority]
