Glide version 102135 (mmshare version 65135)
mmshare         e304c7da19
glide-src       0ca00f32ab
psp-src         e85839dc34
macromodel-src  9753ab8ec4
epik-src        71ce3f965c

Copyright (c) Schrodinger, LLC.
All Rights Reserved.

--------------------------------------------------------------------------------
JobId          : aq92-0-681b4c73
Name           : glide-grid_1fjs_2
Program        : Glide
Version        : 2024-1 build 135
Host           : aq92
Dir            : /media/TC_Lehre/storage/meinschad_lukas_ff_pr/2025/Day_3/glide-grid_1fjs_2
HostEntry      : localhost
JobHost        : aq92
JobDir         : /scratch/praktikum/glide-grid_1fjs_2
JobSchrodinger : /usr/local/schrodinger2024-1
Commandline    : /usr/local/schrodinger2024-1/glide glide-grid_1fjs_2.in -OVERWRITE -HOST localhost -PROJ /media/TC_Lehre/storage/meinschad_lukas_ff_pr/2025/Day_3/FXa_Glide.prj -DISP ignore -VIEWNAME glide_gridgen_gui.GridGenPanel -TMPLAUNCHDIR
StartTime      : 2025-05-07-14:05:08
--------------------------------------------------------------------------------

[running at reduced cpu priority]
Calling OPLS_2005 atomtyping ...
Finished parameter assignment
 VdW radii of protein atoms scaled by    1.00000000000000     
 Charge cutoff for polarity  0.250000000000000     
Glide will write receptor constraints info to file: glide-grid_1fjs_2.cons
  Receptor setup: (nsites, nx, ny, nz, bsize)=(          60 ,           27 , 
          25 ,           23 ,    1.00000000000000      ).
 Screening setup finished.
 DOCKMAIN: getting receptor.
  DOCKMAIN after grid: (nx, ny, nz) = (          72 ,           64 , 
          64 ).
Creating output grid archive 'glide-grid_1fjs_2.zip'

Exiting Glide
Date: Wednesday, May 07 2025, at 14:05:25 CEST
CPU time (s): 13.9 user, 0.4 system, 14.3 real
Total elapsed time = 14 seconds
[running at reduced cpu priority]
