Glide version 102135 (mmshare version 65135)
mmshare         e304c7da19
glide-src       0ca00f32ab
psp-src         e85839dc34
macromodel-src  9753ab8ec4
epik-src        71ce3f965c

Copyright (c) Schrodinger, LLC.
All Rights Reserved.

--------------------------------------------------------------------------------
JobId          : aq92-0-681b69a9
Name           : glide_grid_1X70
Program        : Glide
Version        : 2024-1 build 135
Host           : aq92
Dir            : /media/TC_Lehre/storage/meinschad_lukas_ff_pr/2025/Day_3/docking_my_protein/glide_grid_1X70
HostEntry      : localhost
JobHost        : aq92
JobDir         : /scratch/praktikum/glide_grid_1X70
JobSchrodinger : /usr/local/schrodinger2024-1
Commandline    : /usr/local/schrodinger2024-1/glide glide_grid_1X70.in -OVERWRITE -HOST localhost -PROJ /media/TC_Lehre/storage/meinschad_lukas_ff_pr/2025/Day_3/docking_my_protein/dipeptidyl_peptidase_4_docking.prj -DISP ignore -VIEWNAME glide_gridgen_gui.GridGenPanel -TMPLAUNCHDIR
StartTime      : 2025-05-07-16:09:46
--------------------------------------------------------------------------------

[running at reduced cpu priority]
Glide: WARNING mmlewis warning: Wrong Lewis structure in structure input file
mmlewis warning: with title: 1X70_prepared_complex
mmlewis warning: Problems were identified with the following atoms:
mmlewis warning:  415 470 966 1555 1635 2046 2368 3986 
mmlewis warning: Now attempting to fix the lewis structure.
Glide: WARNING mmlewis warning: A valid lewis structure was successfully generated.
Calling OPLS_2005 atomtyping ...
Finished parameter assignment
 VdW radii of protein atoms scaled by    1.00000000000000     
 Charge cutoff for polarity  0.250000000000000     
Glide will write receptor constraints info to file: glide_grid_1X70.cons
  Receptor setup: (nsites, nx, ny, nz, bsize)=(         180 ,           34 , 
          26 ,           25 ,    1.00000000000000      ).
 Screening setup finished.
 DOCKMAIN: getting receptor.
  DOCKMAIN after grid: (nx, ny, nz) = (          88 ,           72 , 
          72 ).
Creating output grid archive 'glide_grid_1X70.zip'

Exiting Glide
Date: Wednesday, May 07 2025, at 16:10:49 CEST
CPU time (s): 60.0 user, 0.6 system, 60.8 real
Total elapsed time = 61 seconds (1 minutes, 1 seconds)
[running at reduced cpu priority]
