--------------------------------------------------------------------------------
JobId          : aq92-0-681b704c
Name           : ligprep_docking_ligands_ro5_violated
Program        : LigPrep
Version        : 2024-1 build 135
Host           : aq92
Dir            : /media/TC_Lehre/storage/meinschad_lukas_ff_pr/2025/Day_3/docking_my_protein/ligprep_docking_ligands_ro5_violated
HostEntry      : localhost
JobHost        : aq92
JobDir         : /scratch/praktikum/ligprep_docking_ligands_ro5_violated
JobSchrodinger : /usr/local/schrodinger2024-1
Commandline    : /usr/local/schrodinger2024-1/ligprep -inp /media/TC_Lehre/storage/meinschad_lukas_ff_pr/2025/Day_3/docking_my_protein/ligprep_docking_ligands_ro5_violated/ligprep_docking_ligands_ro5_violated.inp -NJOBS 1 -JOBNAME ligprep_docking_ligands_ro5_violated -HOST localhost:1 -DISP append -VIEWNAME ligprep_job -PROJ /media/TC_Lehre/storage/meinschad_lukas_ff_pr/2025/Day_3/docking_my_protein/dipeptidyl_peptidase_4_docking.prj
StartTime      : 2025-05-07-16:38:05
--------------------------------------------------------------------------------
[running at reduced cpu priority]
LigPrep (version 69135). Copyright Schrodinger, LLC. All rights reserved.

LigPrep command:
$SCHRODINGER/ligprep -ma 500 -bff 16 -ph 7.5 -epik -g -s 32 -imae ligprep_docking_ligands_ro5_violated.maegz -omae ligprep_docking_ligands_ro5_violated-out.maegz

Processing steps:
$DO.htreat -t All-None -a all -s -l 500 <infile.mae> <outfile.mae>
$DO.desalter <infile.mae> <outfile.mae>
$DO.neutralizer -m 500 <infile.mae> <outfile.mae>
$DO.guard <infile.mae> <outfile.mae>
$DO.epik.py -ph 7.5 -tn 8 -ma 500 -imae <infile.mae> -omae <outfile.mae>
$DO.stereoizer -label_specified_chiralities -n 32 -g <infile.mae> <outfile.mae>
$DO.cgx -optimize -ffld 16 -epsilon 10.0 <infile.mae> <outfile.mae>
$DO.filterstereo -max_stereo 32 <infile.mae> <outfile.mae>

DO=$SCHRODINGER/run python3 -m schrodinger.application.macromodel.packages.ligprep3

# counts of output and dropped structures after processing steps
# index  htreat  desalt  neutra   guard   epik   stereo    cgx   filter  title
       1   1/0     1/0     1/0     1/0     2/0     2/0     2/0     2/0   'CHEMBL9238'
       2   1/0     1/0     1/0     1/0     2/0     2/0     2/0     2/0   'CHEMBL9263'
       3   1/0     1/0     1/0     1/0     2/0     2/0     2/0     2/0   'CHEMBL9295'
       4   1/0     1/0     1/0     1/0     2/0     2/0     2/0     2/0   'CHEMBL9408'
       5   1/0     1/0     1/0     1/0     4/0     4/0     4/0     4/0   'CHEMBL9433'
       6   1/0     1/0     1/0     1/0     6/0     6/0     6/0     6/0   'CHEMBL9512'
       7   1/0     1/0     1/0     1/0     3/0     3/0     3/0     3/0   'CHEMBL9527'
       8   1/0     1/0     1/0     1/0     2/0     2/0     2/0     2/0   'CHEMBL67679'
       9   1/0     1/0     1/0     1/0     2/0     2/0     2/0     2/0   'CHEMBL67680'
      10   1/0     1/0     1/0     1/0     1/0     1/0     1/0     1/0   'CHEMBL91933'
      11   1/0     1/0     1/0     1/0     1/0     1/0     1/0     1/0   'CHEMBL151999'
      12   1/0     1/0     1/0     1/0     1/0     1/0     1/0     1/0   'CHEMBL153037'
      13   1/0     1/0     1/0     1/0     2/0     2/0     2/0     2/0   'CHEMBL182223'
      14   1/0     1/0     1/0     1/0     2/0     2/0     2/0     2/0   'CHEMBL183060'
      15   1/0     1/0     1/0     1/0     2/0     2/0     2/0     2/0   'CHEMBL183098'
      16   1/0     1/0     1/0     1/0     4/0     4/0     4/0     4/0   'CHEMBL183207'
      17   1/0     1/0     1/0     1/0     2/0     2/0     2/0     2/0   'CHEMBL183289'
      18   1/0     1/0     1/0     1/0     2/0     2/0     2/0     2/0   'CHEMBL183418'
      19   1/0     1/0     1/0     1/0     2/0     2/0     2/0     2/0   'CHEMBL183736'
      20   1/0     1/0     1/0     1/0     4/0     4/0     4/0     4/0   'CHEMBL184040'
      21   1/0     1/0     1/0     1/0     2/0     2/0     2/0     2/0   'CHEMBL184177'
      22   1/0     1/0     1/0     1/0     3/0     3/0     3/0     3/0   'CHEMBL184346'
      23   1/0     1/0     1/0     1/0     2/0     2/0     2/0     2/0   'CHEMBL184527'
      24   1/0     1/0     1/0     1/0     2/0     2/0     2/0     2/0   'CHEMBL184593'
      25   1/0     1/0     1/0     1/0     2/0     2/0     2/0     2/0   'CHEMBL184630'
      26   1/0     1/0     1/0     1/0     4/0     4/0     4/0     4/0   'CHEMBL184672'
      27   1/0     1/0     1/0     1/0     2/0     2/0     2/0     2/0   'CHEMBL184738'
      28   1/0     1/0     1/0     1/0     2/0     2/0     2/0     2/0   'CHEMBL185244'
      29   1/0     1/0     1/0     1/0     6/0     6/0     6/0     6/0   'CHEMBL186032'
      30   1/0     1/0     1/0     1/0     2/0     2/0     2/0     2/0   'CHEMBL186482'
      31   1/0     1/0     1/0     1/0     2/0     2/0     2/0     2/0   'CHEMBL186649'
      32   1/0     1/0     1/0     1/0     2/0     2/0     2/0     2/0   'CHEMBL186787'
      33   1/0     1/0     1/0     1/0     2/0     2/0     2/0     2/0   'CHEMBL186877'
      34   1/0     1/0     1/0     1/0     4/0     4/0     4/0     4/0   'CHEMBL187293'
      35   1/0     1/0     1/0     1/0     2/0     2/0     2/0     2/0   'CHEMBL187699'
      36   1/0     1/0     1/0     1/0     2/0     2/0     2/0     2/0   'CHEMBL187963'
      37   1/0     1/0     1/0     1/0     2/0     2/0     2/0     2/0   'CHEMBL188043'
      38   1/0     1/0     1/0     1/0     2/0     2/0     2/0     2/0   'CHEMBL188096'
      39   1/0     1/0     1/0     1/0     2/0     2/0     2/0     2/0   'CHEMBL188444'
      40   1/0     1/0     1/0     1/0     2/0     2/0     2/0     2/0   'CHEMBL188643'
      41   1/0     1/0     1/0     1/0     4/0     4/0     4/0     4/0   'CHEMBL189046'
      42   1/0     1/0     1/0     1/0     2/0     2/0     2/0     2/0   'CHEMBL189055'
      43   1/0     1/0     1/0     1/0     2/0     2/0     2/0     2/0   'CHEMBL189067'
      44   1/0     1/0     1/0     1/0     2/0     2/0     2/0     2/0   'CHEMBL190031'
      45   1/0     1/0     1/0     1/0     2/0     2/0     2/0     2/0   'CHEMBL190217'
      46   1/0     1/0     1/0     1/0     2/0     2/0     2/0     2/0   'CHEMBL190269'
      47   1/0     1/0     1/0     1/0     2/0     2/0     2/0     2/0   'CHEMBL190593'
      48   1/0     1/0     1/0     1/0     2/0     2/0     2/0     2/0   'CHEMBL190752'
      49   1/0     1/0     1/0     1/0     2/0     2/0     2/0     2/0   'CHEMBL190788'
      50   1/0     1/0     1/0     1/0     2/0     2/0     2/0     2/0   'CHEMBL190863'
# counts of output and dropped structures after processing steps
# index  htreat  desalt  neutra   guard   epik   stereo    cgx   filter  title
      51   1/0     1/0     1/0     1/0     2/0     2/0     2/0     2/0   'CHEMBL190923'
      52   1/0     1/0     1/0     1/0     6/0     6/0     6/0     6/0   'CHEMBL190979'
      53   1/0     1/0     1/0     1/0     2/0     2/0     2/0     2/0   'CHEMBL191067'
      54   1/0     1/0     1/0     1/0     2/0     2/0     2/0     2/0   'CHEMBL191258'
      55   1/0     1/0     1/0     1/0     2/0     2/0     2/0     2/0   'CHEMBL191337'
      56   1/0     1/0     1/0     1/0     2/0     2/0     2/0     2/0   'CHEMBL191473'
      57   1/0     1/0     1/0     1/0     2/0     2/0     2/0     2/0   'CHEMBL191486'
      58   1/0     1/0     1/0     1/0     2/0     2/0     2/0     2/0   'CHEMBL192117'
      59   1/0     1/0     1/0     1/0     2/0     2/0     2/0     2/0   'CHEMBL192425'
      60   1/0     1/0     1/0     1/0     2/0     2/0     2/0     2/0   'CHEMBL192980'
      61   1/0     1/0     1/0     1/0     4/0     4/0     4/0     4/0   'CHEMBL193887'
      62   1/0     1/0     1/0     1/0     2/0     2/0     2/0     2/0   'CHEMBL194437'
      63   1/0     1/0     1/0     1/0     2/0     2/0     2/0     2/0   'CHEMBL195378'
      64   1/0     1/0     1/0     1/0     2/0     2/0     2/0     2/0   'CHEMBL195667'
      65   1/0     1/0     1/0     1/0     2/0     2/0     2/0     2/0   'CHEMBL195739'
      66   1/0     1/0     1/0     1/0     2/0     2/0     2/0     2/0   'CHEMBL195905'
      67   1/0     1/0     1/0     1/0     2/0     2/0     2/0     2/0   'CHEMBL203169'
      68   1/0     1/0     1/0     1/0     2/0     2/0     2/0     2/0   'CHEMBL203267'
      69   1/0     1/0     1/0     1/0     2/0     2/0     2/0     2/0   'CHEMBL203323'
      70   1/0     1/0     1/0     1/0     2/0     2/0     2/0     2/0   'CHEMBL206172'
      71   1/0     1/0     1/0     1/0     2/0     2/0     2/0     2/0   'CHEMBL207348'
      72   1/0     1/0     1/0     1/0     2/0     2/0     2/0     2/0   'CHEMBL208957'
      73   1/0     1/0     1/0     1/0     2/0     2/0     2/0     2/0   'CHEMBL209064'
      74   1/0     1/0     1/0     1/0     2/0     2/0     2/0     2/0   'CHEMBL209111'
      75   1/0     1/0     1/0     1/0     2/0     2/0     2/0     2/0   'CHEMBL209162'
      76   1/0     1/0     1/0     1/0     2/0     2/0     2/0     2/0   'CHEMBL209710'
      77   1/0     1/0     1/0     1/0     2/0     2/0     2/0     2/0   'CHEMBL210459'
      78   1/0     1/0     1/0     1/0     2/0     2/0     2/0     2/0   'CHEMBL210621'
      79   1/0     1/0     1/0     1/0     2/0     2/0     2/0     2/0   'CHEMBL210829'
      80   1/0     1/0     1/0     1/0     2/0     2/0     2/0     2/0   'CHEMBL210974'
      81   1/0     1/0     1/0     1/0     2/0     2/0     2/0     2/0   'CHEMBL210999'
      82   1/0     1/0     1/0     1/0     4/0     4/0     4/0     4/0   'CHEMBL218776'
      83   1/0     1/0     1/0     1/0     2/0     2/0     2/0     2/0   'CHEMBL219371'
      84   1/0     1/0     1/0     1/0     2/0     2/0     2/0     2/0   'CHEMBL219434'
      85   1/0     1/0     1/0     1/0     2/0     2/0     2/0     2/0   'CHEMBL220357'
      86   1/0     1/0     1/0     1/0     1/0     1/0     1/0     1/0   'CHEMBL221542'
      87   1/0     1/0     1/0     1/0     2/0     2/0     2/0     2/0   'CHEMBL228311'
      88   1/0     1/0     1/0     1/0     2/0     2/0     2/0     2/0   'CHEMBL228312'
      89   1/0     1/0     1/0     1/0     2/0     2/0     2/0     2/0   'CHEMBL230839'
      90   1/0     1/0     1/0     1/0     2/0     2/0     2/0     2/0   'CHEMBL231293'
      91   1/0     1/0     1/0     1/0     2/0     2/0     2/0     2/0   'CHEMBL231295'
      92   1/0     1/0     1/0     1/0     4/0     4/0     4/0     4/0   'CHEMBL231395'
      93   1/0     1/0     1/0     1/0     2/0     2/0     2/0     2/0   'CHEMBL231397'
      94   1/0     1/0     1/0     1/0     2/0     2/0     2/0     2/0   'CHEMBL234043'
      95   1/0     1/0     1/0     1/0     2/0     2/0     2/0     2/0   'CHEMBL235766'
      96   1/0     1/0     1/0     1/0     2/0     2/0     2/0     2/0   'CHEMBL236781'
      97   1/0     1/0     1/0     1/0     1/0     1/0     1/0     1/0   'CHEMBL237289'
      98   1/0     1/0     1/0     1/0     1/0     1/0     1/0     1/0   'CHEMBL238114'
      99   1/0     1/0     1/0     1/0     4/0     4/0     4/0     4/0   'CHEMBL245772'
     100   1/0     1/0     1/0     1/0     2/0     2/0     2/0     2/0   'CHEMBL245969'
# counts of output and dropped structures after processing steps
# index  htreat  desalt  neutra   guard   epik   stereo    cgx   filter  title
     101   1/0     1/0     1/0     1/0     2/0     2/0     2/0     2/0   'CHEMBL246170'
     102   1/0     1/0     1/0     1/0     2/0     2/0     2/0     2/0   'CHEMBL246373'
     103   1/0     1/0     1/0     1/0     2/0     2/0     2/0     2/0   'CHEMBL246374'
     104   1/0     1/0     1/0     1/0     2/0     2/0     2/0     2/0   'CHEMBL250284'
     105   1/0     1/0     1/0     1/0     2/0     2/0     2/0     2/0   'CHEMBL250285'
     106   1/0     1/0     1/0     1/0     2/0     2/0     2/0     2/0   'CHEMBL250999'
     107   1/0     1/0     1/0     1/0     2/0     2/0     2/0     2/0   'CHEMBL255351'
     108   1/0     1/0     1/0     1/0     2/0     2/0     2/0     2/0   'CHEMBL255591'
     109   1/0     1/0     1/0     1/0     4/0     4/0     4/0     4/0   'CHEMBL256172'
     110   1/0     1/0     1/0     1/0     2/0     2/0     2/0     2/0   'CHEMBL256603'
     111   1/0     1/0     1/0     1/0     2/0     2/0     2/0     2/0   'CHEMBL257023'
     112   1/0     1/0     1/0     1/0     4/0     4/0     4/0     4/0   'CHEMBL263326'
     113   1/0     1/0     1/0     1/0     4/0     4/0     4/0     4/0   'CHEMBL263946'
     114   1/0     1/0     1/0     1/0     2/0     2/0     2/0     2/0   'CHEMBL265344'
     115   1/0     1/0     1/0     1/0     2/0     2/0     2/0     2/0   'CHEMBL268012'
     116   1/0     1/0     1/0     1/0     2/0     2/0     2/0     2/0   'CHEMBL268527'
     117   1/0     1/0     1/0     1/0     6/0     6/0     6/0     6/0   'CHEMBL269209'
     118   1/0     1/0     1/0     1/0     1/0     1/0     1/0     1/0   'CHEMBL269277'
     119   1/0     1/0     1/0     1/0     2/0     2/0     2/0     2/0   'CHEMBL269757'
     120   1/0     1/0     1/0     1/0     2/0     2/0     2/0     2/0   'CHEMBL274829'
     121   1/0     1/0     1/0     1/0     2/0     2/0     2/0     2/0   'CHEMBL277390'
     122   1/0     1/0     1/0     1/0     2/0     2/0     2/0     2/0   'CHEMBL302602'
     123   1/0     1/0     1/0     1/0     2/0     2/0     2/0     2/0   'CHEMBL305759'
     124   1/0     1/0     1/0     1/0     1/0     1/0     1/0     1/0   'CHEMBL329471'
     125   1/0     1/0     1/0     1/0     2/0     2/0     2/0     2/0   'CHEMBL359581'
     126   1/0     1/0     1/0     1/0     4/0     4/0     4/0     4/0   'CHEMBL360167'
     127   1/0     1/0     1/0     1/0     4/0     4/0     4/0     4/0   'CHEMBL360425'
     128   1/0     1/0     1/0     1/0     3/0     3/0     3/0     3/0   'CHEMBL361263'
     129   1/0     1/0     1/0     1/0     4/0     4/0     4/0     4/0   'CHEMBL362538'
     130   1/0     1/0     1/0     1/0     2/0     2/0     2/0     2/0   'CHEMBL363115'
     131   1/0     1/0     1/0     1/0     2/0     2/0     2/0     2/0   'CHEMBL363175'
     132   1/0     1/0     1/0     1/0     2/0     2/0     2/0     2/0   'CHEMBL364057'
     133   1/0     1/0     1/0     1/0     2/0     2/0     2/0     2/0   'CHEMBL364100'
     134   1/0     1/0     1/0     1/0     2/0     2/0     2/0     2/0   'CHEMBL364101'
     135   1/0     1/0     1/0     1/0     2/0     2/0     2/0     2/0   'CHEMBL364102'
     136   1/0     1/0     1/0     1/0     2/0     2/0     2/0     2/0   'CHEMBL364103'
     137   1/0     1/0     1/0     1/0     2/0     2/0     2/0     2/0   'CHEMBL364140'
     138   1/0     1/0     1/0     1/0     2/0     2/0     2/0     2/0   'CHEMBL364355'
     139   1/0     1/0     1/0     1/0     4/0     4/0     4/0     4/0   'CHEMBL364385'
     140   1/0     1/0     1/0     1/0     2/0     2/0     2/0     2/0   'CHEMBL364939'
     141   1/0     1/0     1/0     1/0     2/0     2/0     2/0     2/0   'CHEMBL365010'
     142   1/0     1/0     1/0     1/0     2/0     2/0     2/0     2/0   'CHEMBL365231'
     143   1/0     1/0     1/0     1/0     2/0     2/0     2/0     2/0   'CHEMBL365280'
     144   1/0     1/0     1/0     1/0     4/0     4/0     4/0     4/0   'CHEMBL365414'
     145   1/0     1/0     1/0     1/0     2/0     2/0     2/0     2/0   'CHEMBL365780'
     146   1/0     1/0     1/0     1/0     2/0     2/0     2/0     2/0   'CHEMBL365834'
     147   1/0     1/0     1/0     1/0     2/0     2/0     2/0     2/0   'CHEMBL365836'
     148   1/0     1/0     1/0     1/0     2/0     2/0     2/0     2/0   'CHEMBL365837'
     149   1/0     1/0     1/0     1/0     2/0     2/0     2/0     2/0   'CHEMBL365838'
     150   1/0     1/0     1/0     1/0     2/0     2/0     2/0     2/0   'CHEMBL365875'
# counts of output and dropped structures after processing steps
# index  htreat  desalt  neutra   guard   epik   stereo    cgx   filter  title
     151   1/0     1/0     1/0     1/0     2/0     2/0     2/0     2/0   'CHEMBL365967'
     152   1/0     1/0     1/0     1/0     2/0     2/0     2/0     2/0   'CHEMBL366031'
     153   1/0     1/0     1/0     1/0     2/0     2/0     2/0     2/0   'CHEMBL366047'
     154   1/0     1/0     1/0     1/0     2/0     2/0     2/0     2/0   'CHEMBL366048'
     155   1/0     1/0     1/0     1/0     2/0     2/0     2/0     2/0   'CHEMBL366049'
     156   1/0     1/0     1/0     1/0     2/0     2/0     2/0     2/0   'CHEMBL366286'
     157   1/0     1/0     1/0     1/0     2/0     2/0     2/0     2/0   'CHEMBL366290'
     158   1/0     1/0     1/0     1/0     2/0     2/0     2/0     2/0   'CHEMBL370033'
     159   1/0     1/0     1/0     1/0     1/0     1/0     1/0     1/0   'CHEMBL370072'
     160   1/0     1/0     1/0     1/0     2/0     2/0     2/0     2/0   'CHEMBL370677'
     161   1/0     1/0     1/0     1/0     2/0     2/0     2/0     2/0   'CHEMBL370755'
     162   1/0     1/0     1/0     1/0     2/0     2/0     2/0     2/0   'CHEMBL371347'
     163   1/0     1/0     1/0     1/0     2/0     2/0     2/0     2/0   'CHEMBL371588'
     164   1/0     1/0     1/0     1/0     2/0     2/0     2/0     2/0   'CHEMBL372004'
     165   1/0     1/0     1/0     1/0     2/0     2/0     2/0     2/0   'CHEMBL372486'
     166   1/0     1/0     1/0     1/0     4/0     4/0     4/0     4/0   'CHEMBL375146'
     167   1/0     1/0     1/0     1/0     2/0     2/0     2/0     2/0   'CHEMBL375442'
     168   1/0     1/0     1/0     1/0     2/0     2/0     2/0     2/0   'CHEMBL375745'
     169   1/0     1/0     1/0     1/0     2/0     2/0     2/0     2/0   'CHEMBL376498'
     170   1/0     1/0     1/0     1/0     2/0     2/0     2/0     2/0   'CHEMBL377221'
     171   1/0     1/0     1/0     1/0     2/0     2/0     2/0     2/0   'CHEMBL378048'
     172   1/0     1/0     1/0     1/0     4/0     4/0     4/0     4/0   'CHEMBL378673'
     173   1/0     1/0     1/0     1/0     2/0     2/0     2/0     2/0   'CHEMBL379702'
     174   1/0     1/0     1/0     1/0     2/0     2/0     2/0     2/0   'CHEMBL380496'
     175   1/0     1/0     1/0     1/0     2/0     2/0     2/0     2/0   'CHEMBL382674'
     176   1/0     1/0     1/0     1/0     2/0     2/0     2/0     2/0   'CHEMBL383323'
     177   1/0     1/0     1/0     1/0     2/0     2/0     2/0     2/0   'CHEMBL383651'
     178   1/0     1/0     1/0     1/0     4/0     4/0     4/0     4/0   'CHEMBL386812'
     179   1/0     1/0     1/0     1/0     4/0     4/0     4/0     4/0   'CHEMBL387333'
     180   1/0     1/0     1/0     1/0     2/0     2/0     2/0     2/0   'CHEMBL389803'
     181   1/0     1/0     1/0     1/0     3/0     3/0     3/0     3/0   'CHEMBL389804'
     182   1/0     1/0     1/0     1/0     2/0     2/0     2/0     2/0   'CHEMBL393336'
     183   1/0     1/0     1/0     1/0     2/0     2/0     2/0     2/0   'CHEMBL395762'
     184   1/0     1/0     1/0     1/0     2/0     2/0     2/0     2/0   'CHEMBL396168'
     185   1/0     1/0     1/0     1/0     2/0     2/0     2/0     2/0   'CHEMBL397716'
     186   1/0     1/0     1/0     1/0     2/0     2/0     2/0     2/0   'CHEMBL397854'
     187   1/0     1/0     1/0     1/0     2/0     2/0     2/0     2/0   'CHEMBL401304'
     188   1/0     1/0     1/0     1/0     2/0     2/0     2/0     2/0   'CHEMBL401932'
     189   1/0     1/0     1/0     1/0     2/0     2/0     2/0     2/0   'CHEMBL402163'
     190   1/0     1/0     1/0     1/0     2/0     2/0     2/0     2/0   'CHEMBL404079'
     191   1/0     1/0     1/0     1/0     2/0     2/0     2/0     2/0   'CHEMBL425347'
     192   1/0     1/0     1/0     1/0     2/0     2/0     2/0     2/0   'CHEMBL425375'
     193   1/0     1/0     1/0     1/0     2/0     2/0     2/0     2/0   'CHEMBL425558'
     194   1/0     1/0     1/0     1/0     2/0     2/0     2/0     2/0   'CHEMBL429653'
     195   1/0     1/0     1/0     1/0     2/0     2/0     2/0     2/0   'CHEMBL429757'
     196   1/0     1/0     1/0     1/0     2/0     2/0     2/0     2/0   'CHEMBL430281'
     197   1/0     1/0     1/0     1/0     2/0     2/0     2/0     2/0   'CHEMBL435320'
     198   1/0     1/0     1/0     1/0     2/0     2/0     2/0     2/0   'CHEMBL435882'
     199   1/0     1/0     1/0     1/0     2/0     2/0     2/0     2/0   'CHEMBL437026'
     200   1/0     1/0     1/0     1/0     2/0     2/0     2/0     2/0   'CHEMBL437206'
# counts of output and dropped structures after processing steps
# index  htreat  desalt  neutra   guard   epik   stereo    cgx   filter  title
     201   1/0     1/0     1/0     1/0     2/0     2/0     2/0     2/0   'CHEMBL437379'
     202   1/0     1/0     1/0     1/0     2/0     2/0     2/0     2/0   'CHEMBL438258'
     203   1/0     1/0     1/0     1/0     2/0     2/0     2/0     2/0   'CHEMBL438265'
     204   1/0     1/0     1/0     1/0     1/0     1/0     1/0     1/0   'CHEMBL439205'
     205   1/0     1/0     1/0     1/0     2/0     2/0     2/0     2/0   'CHEMBL439382'
     206   1/0     1/0     1/0     1/0     2/0     2/0     2/0     2/0   'CHEMBL445674'
     207   1/0     1/0     1/0     1/0     2/0     2/0     2/0     2/0   'CHEMBL445949'
     208   1/0     1/0     1/0     1/0     2/0     2/0     2/0     2/0   'CHEMBL451492'
     209   1/0     1/0     1/0     1/0     2/0     2/0     2/0     2/0   'CHEMBL452326'
     210   1/0     1/0     1/0     1/0     2/0     2/0     2/0     2/0   'CHEMBL456885'
     211   1/0     1/0     1/0     1/0     2/0     2/0     2/0     2/0   'CHEMBL459807'
     212   1/0     1/0     1/0     1/0     2/0     2/0     2/0     2/0   'CHEMBL459881'
     213   1/0     1/0     1/0     1/0     2/0     2/0     2/0     2/0   'CHEMBL459882'
     214   1/0     1/0     1/0     1/0     2/0     2/0     2/0     2/0   'CHEMBL460949'
     215   1/0     1/0     1/0     1/0     2/0     2/0     2/0     2/0   'CHEMBL460950'
     216   1/0     1/0     1/0     1/0     2/0     2/0     2/0     2/0   'CHEMBL460951'
     217   1/0     1/0     1/0     1/0     2/0     2/0     2/0     2/0   'CHEMBL469317'
     218   1/0     1/0     1/0     1/0     2/0     2/0     2/0     2/0   'CHEMBL470164'
     219   1/0     1/0     1/0     1/0     2/0     2/0     2/0     2/0   'CHEMBL470356'
     220   1/0     1/0     1/0     1/0     2/0     2/0     2/0     2/0   'CHEMBL470357'
     221   1/0     1/0     1/0     1/0     2/0     2/0     2/0     2/0   'CHEMBL471515'
     222   1/0     1/0     1/0     1/0     2/0     2/0     2/0     2/0   'CHEMBL471834'
     223   1/0     1/0     1/0     1/0     2/0     2/0     2/0     2/0   'CHEMBL472199'
     224   1/0     1/0     1/0     1/0     2/0     2/0     2/0     2/0   'CHEMBL472200'
     225   1/0     1/0     1/0     1/0     2/0     2/0     2/0     2/0   'CHEMBL472381'
     226   1/0     1/0     1/0     1/0     2/0     2/0     2/0     2/0   'CHEMBL474002'
     227   1/0     1/0     1/0     1/0     2/0     2/0     2/0     2/0   'CHEMBL474003'
     228   1/0     1/0     1/0     1/0     2/0     2/0     2/0     2/0   'CHEMBL474047'
     229   1/0     1/0     1/0     1/0     2/0     2/0     2/0     2/0   'CHEMBL474048'
     230   1/0     1/0     1/0     1/0     2/0     2/0     2/0     2/0   'CHEMBL474630'
     231   1/0     1/0     1/0     1/0     2/0     2/0     2/0     2/0   'CHEMBL474631'
     232   1/0     1/0     1/0     1/0     2/0     2/0     2/0     2/0   'CHEMBL474808'
     233   1/0     1/0     1/0     1/0     2/0     2/0     2/0     2/0   'CHEMBL474812'
     234   1/0     1/0     1/0     1/0     2/0     2/0     2/0     2/0   'CHEMBL474813'
     235   1/0     1/0     1/0     1/0     2/0     2/0     2/0     2/0   'CHEMBL475169'
     236   1/0     1/0     1/0     1/0     2/0     2/0     2/0     2/0   'CHEMBL475655'
     237   1/0     1/0     1/0     1/0     2/0     2/0     2/0     2/0   'CHEMBL475662'
     238   1/0     1/0     1/0     1/0     2/0     2/0     2/0     2/0   'CHEMBL479536'
     239   1/0     1/0     1/0     1/0     2/0     2/0     2/0     2/0   'CHEMBL481897'
     240   1/0     1/0     1/0     1/0     2/0     2/0     2/0     2/0   'CHEMBL482071'
     241   1/0     1/0     1/0     1/0     2/0     2/0     2/0     2/0   'CHEMBL488022'
     242   1/0     1/0     1/0     1/0     2/0     2/0     2/0     2/0   'CHEMBL488027'
     243   1/0     1/0     1/0     1/0     2/0     2/0     2/0     2/0   'CHEMBL488713'
     244   1/0     1/0     1/0     1/0     2/0     2/0     2/0     2/0   'CHEMBL488714'
     245   1/0     1/0     1/0     1/0     2/0     2/0     2/0     2/0   'CHEMBL488810'
     246   1/0     1/0     1/0     1/0     2/0     2/0     2/0     2/0   'CHEMBL488908'
     247   1/0     1/0     1/0     1/0     2/0     2/0     2/0     2/0   'CHEMBL488909'
     248   1/0     1/0     1/0     1/0     2/0     2/0     2/0     2/0   'CHEMBL492733'
     249   1/0     1/0     1/0     1/0     2/0     2/0     2/0     2/0   'CHEMBL494147'
     250   1/0     1/0     1/0     1/0     2/0     2/0     2/0     2/0   'CHEMBL494339'
# counts of output and dropped structures after processing steps
# index  htreat  desalt  neutra   guard   epik   stereo    cgx   filter  title
     251   1/0     1/0     1/0     1/0     3/0     3/0     3/0     3/0   'CHEMBL497992'
     252   1/0     1/0     1/0     1/0     3/0     3/0     3/0     3/0   'CHEMBL504021'
     253   1/0     1/0     1/0     1/0     2/0     2/0     2/0     2/0   'CHEMBL512013'
     254   1/0     1/0     1/0     1/0     2/0     2/0     2/0     2/0   'CHEMBL512651'
     255   1/0     1/0     1/0     1/0     2/0     2/0     2/0     2/0   'CHEMBL516747'
     256   1/0     1/0     1/0     1/0     2/0     2/0     2/0     2/0   'CHEMBL518296'
     257   1/0     1/0     1/0     1/0     2/0     2/0     2/0     2/0   'CHEMBL519591'
     258   1/0     1/0     1/0     1/0     2/0     2/0     2/0     2/0   'CHEMBL528328'
     259   1/0     1/0     1/0     1/0     2/0     2/0     2/0     2/0   'CHEMBL536090'
     260   1/0     1/0     1/0     1/0     2/0     2/0     2/0     2/0   'CHEMBL536312'
     261   1/0     1/0     1/0     1/0     2/0     2/0     2/0     2/0   'CHEMBL536536'
     262   1/0     1/0     1/0     1/0     2/0     2/0     2/0     2/0   'CHEMBL536999'
     263   1/0     1/0     1/0     1/0     2/0     2/0     2/0     2/0   'CHEMBL539350'
     264   1/0     1/0     1/0     1/0     2/0     2/0     2/0     2/0   'CHEMBL539352'
     265   1/0     1/0     1/0     1/0     2/0     2/0     2/0     2/0   'CHEMBL540888'
     266   1/0     1/0     1/0     1/0     2/0     2/0     2/0     2/0   'CHEMBL541438'
     267   1/0     1/0     1/0     1/0     2/0     2/0     2/0     2/0   'CHEMBL541919'
     268   1/0     1/0     1/0     1/0     4/0     4/0     4/0     4/0   'CHEMBL549502'
     269   1/0     1/0     1/0     1/0     2/0     2/0     2/0     2/0   'CHEMBL549645'
     270   1/0     1/0     1/0     1/0     2/0     2/0     2/0     2/0   'CHEMBL552503'
     271   1/0     1/0     1/0     1/0     2/0     2/0     2/0     2/0   'CHEMBL556979'
     272   1/0     1/0     1/0     1/0     2/0     2/0     2/0     2/0   'CHEMBL557176'
     273   1/0     1/0     1/0     1/0     2/0     2/0     2/0     2/0   'CHEMBL557447'
     274   1/0     1/0     1/0     1/0     4/0     4/0     4/0     4/0   'CHEMBL557514'
     275   1/0     1/0     1/0     1/0     2/0     2/0     2/0     2/0   'CHEMBL559371'
     276   1/0     1/0     1/0     1/0     2/0     2/0     2/0     2/0   'CHEMBL559477'
     277   1/0     1/0     1/0     1/0     2/0     2/0     2/0     2/0   'CHEMBL559940'
     278   1/0     1/0     1/0     1/0     2/0     2/0     2/0     2/0   'CHEMBL560192'
     279   1/0     1/0     1/0     1/0     2/0     2/0     2/0     2/0   'CHEMBL560729'
     280   1/0     1/0     1/0     1/0     2/0     2/0     2/0     2/0   'CHEMBL560926'
     281   1/0     1/0     1/0     1/0     6/0     6/0     6/0     6/0   'CHEMBL561793'
     282   1/0     1/0     1/0     1/0     3/0     3/0     3/0     3/0   'CHEMBL562188'
     283   1/0     1/0     1/0     1/0     2/0     2/0     2/0     2/0   'CHEMBL562388'
     284   1/0     1/0     1/0     1/0     2/0     2/0     2/0     2/0   'CHEMBL563155'
     285   1/0     1/0     1/0     1/0     2/0     2/0     2/0     2/0   'CHEMBL567893'
     286   1/0     1/0     1/0     1/0     3/0     3/0     3/0     3/0   'CHEMBL599763'
     287   1/0     1/0     1/0     1/0     2/0     2/0     2/0     2/0   'CHEMBL1160335'
     288   1/0     1/0     1/0     1/0     1/0     1/0     1/0     1/0   'CHEMBL1162974'
     289   1/0     1/0     1/0     1/0     2/0     2/0     2/0     2/0   'CHEMBL1186023'
     290   1/0     1/0     1/0     1/0     2/0     2/0     2/0     2/0   'CHEMBL1202085'
     291   1/0     1/0     1/0     1/0     2/0     2/0     2/0     2/0   'CHEMBL1203953'
     292   1/0     1/0     1/0     1/0     2/0     2/0     2/0     2/0   'CHEMBL1275851'
     293   1/0     1/0     1/0     1/0     2/0     2/0     2/0     2/0   'CHEMBL1275852'
     294   1/0     1/0     1/0     1/0     2/0     2/0     2/0     2/0   'CHEMBL1275853'
     295   1/0     1/0     1/0     1/0     2/0     2/0     2/0     2/0   'CHEMBL1275854'
     296   1/0     1/0     1/0     1/0     2/0     2/0     2/0     2/0   'CHEMBL1276620'
     297   1/0     1/0     1/0     1/0     2/0     2/0     2/0     2/0   'CHEMBL1276650'
     298   1/0     1/0     1/0     1/0     2/0     2/0     2/0     2/0   'CHEMBL1276682'
     299   1/0     1/0     1/0     1/0     1/0     1/0     1/0     1/0   'CHEMBL1287844'
     300   1/0     1/0     1/0     1/0     1/0     1/0     1/0     1/0   'CHEMBL1287845'
# counts of output and dropped structures after processing steps
# index  htreat  desalt  neutra   guard   epik   stereo    cgx   filter  title
     301   1/0     1/0     1/0     1/0     1/0     1/0     1/0     1/0   'CHEMBL1288289'
     302   1/0     1/0     1/0     1/0     2/0     2/0     2/0     2/0   'CHEMBL1614845'
     303   1/0     1/0     1/0     1/0     3/0     3/0     3/0     3/0   'CHEMBL1644844'
     304   1/0     1/0     1/0     1/0     1/0     1/0     1/0     1/0   'CHEMBL1683093'
     305   1/0     1/0     1/0     1/0     1/0     1/0     1/0     1/0   'CHEMBL1683094'
     306   1/0     1/0     1/0     1/0     2/0     2/0     2/0     2/0   'CHEMBL1683128'
     307   1/0     1/0     1/0     1/0     2/0     2/0     2/0     2/0   'CHEMBL1683486'
     308   1/0     1/0     1/0     1/0     2/0     2/0     2/0     2/0   'CHEMBL1683487'
     309   1/0     1/0     1/0     1/0     2/0     2/0     2/0     2/0   'CHEMBL1683488'
     310   1/0     1/0     1/0     1/0     2/0     2/0     2/0     2/0   'CHEMBL1683489'
     311   1/0     1/0     1/0     1/0     2/0     2/0     2/0     2/0   'CHEMBL1683490'
     312   1/0     1/0     1/0     1/0     2/0     2/0     2/0     2/0   'CHEMBL1683491'
     313   1/0     1/0     1/0     1/0     2/0     2/0     2/0     2/0   'CHEMBL1683492'
     314   1/0     1/0     1/0     1/0     2/0     2/0     2/0     2/0   'CHEMBL1683493'
     315   1/0     1/0     1/0     1/0     2/0     2/0     2/0     2/0   'CHEMBL1683494'
     316   1/0     1/0     1/0     1/0     2/0     2/0     2/0     2/0   'CHEMBL1683495'
     317   1/0     1/0     1/0     1/0     2/0     2/0     2/0     2/0   'CHEMBL1683496'
     318   1/0     1/0     1/0     1/0     2/0     2/0     2/0     2/0   'CHEMBL1683497'
     319   1/0     1/0     1/0     1/0     2/0     2/0     2/0     2/0   'CHEMBL1683498'
     320   1/0     1/0     1/0     1/0     2/0     2/0     2/0     2/0   'CHEMBL1683499'
     321   1/0     1/0     1/0     1/0     2/0     2/0     2/0     2/0   'CHEMBL1683502'
     322   1/0     1/0     1/0     1/0     2/0     2/0     2/0     2/0   'CHEMBL1683503'
     323   1/0     1/0     1/0     1/0     2/0     2/0     2/0     2/0   'CHEMBL1683504'
     324   1/0     1/0     1/0     1/0     2/0     2/0     2/0     2/0   'CHEMBL1683505'
     325   1/0     1/0     1/0     1/0     2/0     2/0     2/0     2/0   'CHEMBL1683506'
     326   1/0     1/0     1/0     1/0     2/0     2/0     2/0     2/0   'CHEMBL1683507'
     327   1/0     1/0     1/0     1/0     2/0     2/0     2/0     2/0   'CHEMBL1683508'
     328   1/0     1/0     1/0     1/0     2/0     2/0     2/0     2/0   'CHEMBL1683641'
     329   1/0     1/0     1/0     1/0     2/0     2/0     2/0     2/0   'CHEMBL1683642'
     330   1/0     1/0     1/0     1/0     2/0     2/0     2/0     2/0   'CHEMBL1683643'
     331   1/0     1/0     1/0     1/0     2/0     2/0     2/0     2/0   'CHEMBL1683644'
     332   1/0     1/0     1/0     1/0     2/0     2/0     2/0     2/0   'CHEMBL1683979'
     333   1/0     1/0     1/0     1/0     2/0     2/0     2/0     2/0   'CHEMBL1683983'
     334   1/0     1/0     1/0     1/0     2/0     2/0     2/0     2/0   'CHEMBL1683984'
     335   1/0     1/0     1/0     1/0     2/0     2/0     2/0     2/0   'CHEMBL1683986'
     336   1/0     1/0     1/0     1/0     2/0     2/0     2/0     2/0   'CHEMBL1683988'
     337   1/0     1/0     1/0     1/0     2/0     2/0     2/0     2/0   'CHEMBL1683990'
     338   1/0     1/0     1/0     1/0     2/0     2/0     2/0     2/0   'CHEMBL1683991'
     339   1/0     1/0     1/0     1/0     2/0     2/0     2/0     2/0   'CHEMBL1683993'
     340   1/0     1/0     1/0     1/0     2/0     2/0     2/0     2/0   'CHEMBL1683995'
     341   1/0     1/0     1/0     1/0     2/0     2/0     2/0     2/0   'CHEMBL1683997'
     342   1/0     1/0     1/0     1/0     2/0     2/0     2/0     2/0   'CHEMBL1683999'
     343   1/0     1/0     1/0     1/0     2/0     2/0     2/0     2/0   'CHEMBL1684000'
     344   1/0     1/0     1/0     1/0     1/0     1/0     1/0     1/0   'CHEMBL1761683'
     345   1/0     1/0     1/0     1/0     2/0     2/0     2/0     2/0   'CHEMBL1761684'
     346   1/0     1/0     1/0     1/0     1/0     1/0     1/0     1/0   'CHEMBL1761685'
     347   1/0     1/0     1/0     1/0     2/0     2/0     2/0     2/0   'CHEMBL1761686'
     348   1/0     1/0     1/0     1/0     2/0     2/0     2/0     2/0   'CHEMBL1761687'
     349   1/0     1/0     1/0     1/0     1/0     1/0     1/0     1/0   'CHEMBL1765236'
     350   1/0     1/0     1/0     1/0     1/0     1/0     1/0     1/0   'CHEMBL1771583'
# counts of output and dropped structures after processing steps
# index  htreat  desalt  neutra   guard   epik   stereo    cgx   filter  title
     351   1/0     1/0     1/0     1/0     1/0     1/0     1/0     1/0   'CHEMBL1771584'
     352   1/0     1/0     1/0     1/0     2/0     2/0     2/0     2/0   'CHEMBL1779701'
     353   1/0     1/0     1/0     1/0     2/0     2/0     2/0     2/0   'CHEMBL1779704'
     354   1/0     1/0     1/0     1/0     2/0     2/0     2/0     2/0   'CHEMBL1929394'
     355   1/0     1/0     1/0     1/0     2/0     2/0     2/0     2/0   'CHEMBL1949693'
     356   1/0     1/0     1/0     1/0     2/0     2/0     2/0     2/0   'CHEMBL1951416'
     357   1/0     1/0     1/0     1/0     1/0     1/0     1/0     1/0   'CHEMBL1951595'
     358   1/0     1/0     1/0     1/0     2/0     2/0     2/0     2/0   'CHEMBL1951596'
     359   1/0     1/0     1/0     1/0     1/0     1/0     1/0     1/0   'CHEMBL1951598'
     360   1/0     1/0     1/0     1/0     1/0     1/0     1/0     1/0   'CHEMBL1951600'
     361   1/0     1/0     1/0     1/0     2/0     2/0     2/0     2/0   'CHEMBL1951607'
     362   1/0     1/0     1/0     1/0     2/0     2/0     2/0     2/0   'CHEMBL1951609'
     363   1/0     1/0     1/0     1/0     2/0     2/0     2/0     2/0   'CHEMBL1951611'
     364   1/0     1/0     1/0     1/0     2/0     2/0     2/0     2/0   'CHEMBL1951614'
     365   1/0     1/0     1/0     1/0     1/0     1/0     1/0     1/0   'CHEMBL2011535'
     366   1/0     1/0     1/0     1/0     2/0     2/0     2/0     2/0   'CHEMBL2063040'
     367   1/0     1/0     1/0     1/0     2/0     2/0     2/0     2/0   'CHEMBL2069837'
     368   1/0     1/0     1/0     1/0     3/0     3/0     3/0     3/0   'CHEMBL2069846'
     369   1/0     1/0     1/0     1/0     2/0     2/0     2/0     2/0   'CHEMBL2069858'
     370   1/0     1/0     1/0     1/0     3/0     3/0     3/0     3/0   'CHEMBL2147049'
     371   1/0     1/0     1/0     1/0     3/0     3/0     3/0     3/0   'CHEMBL2147064'
     372   1/0     1/0     1/0     1/0     3/0     3/0     3/0     3/0   'CHEMBL2147068'
     373   1/0     1/0     1/0     1/0     3/0     3/0     3/0     3/0   'CHEMBL2147069'
     374   1/0     1/0     1/0     1/0     3/0     3/0     3/0     3/0   'CHEMBL2147070'
     375   1/0     1/0     1/0     1/0     2/0     2/0     2/0     2/0   'CHEMBL2147071'
     376   1/0     1/0     1/0     1/0     3/0     3/0     3/0     3/0   'CHEMBL2147073'
     377   1/0     1/0     1/0     1/0     3/0     3/0     3/0     3/0   'CHEMBL2147074'
     378   1/0     1/0     1/0     1/0     2/0     2/0     2/0     2/0   'CHEMBL2147078'
     379   1/0     1/0     1/0     1/0     1/0     1/0     1/0     1/0   'CHEMBL2147079'
     380   1/0     1/0     1/0     1/0     2/0     2/0     2/0     2/0   'CHEMBL2147080'
     381   1/0     1/0     1/0     1/0     1/0     1/0     1/0     1/0   'CHEMBL2147081'
     382   1/0     1/0     1/0     1/0     3/0     3/0     3/0     3/0   'CHEMBL2147082'
     383   1/0     1/0     1/0     1/0     3/0     3/0     3/0     3/0   'CHEMBL2147083'
     384   1/0     1/0     1/0     1/0     3/0     3/0     3/0     3/0   'CHEMBL2147084'
     385   1/0     1/0     1/0     1/0     3/0     3/0     3/0     3/0   'CHEMBL2147085'
     386   1/0     1/0     1/0     1/0     2/0     2/0     2/0     2/0   'CHEMBL2147188'
     387   1/0     1/0     1/0     1/0     3/0     3/0     3/0     3/0   'CHEMBL2147189'
     388   1/0     1/0     1/0     1/0     2/0     2/0     2/0     2/0   'CHEMBL2147191'
     389   1/0     1/0     1/0     1/0     2/0     2/0     2/0     2/0   'CHEMBL2147194'
     390   1/0     1/0     1/0     1/0     1/0     1/0     1/0     1/0   'CHEMBL2147195'
     391   1/0     1/0     1/0     1/0     2/0     2/0     2/0     2/0   'CHEMBL2147196'
     392   1/0     1/0     1/0     1/0     2/0     2/0     2/0     2/0   'CHEMBL2153742'
     393   1/0     1/0     1/0     1/0     2/0     2/0     2/0     2/0   'CHEMBL2153743'
     394   1/0     1/0     1/0     1/0     2/0     2/0     2/0     2/0   'CHEMBL2153744'
     395   1/0     1/0     1/0     1/0     3/0     3/0     3/0     3/0   'CHEMBL2203319'
     396   1/0     1/0     1/0     1/0     2/0     2/0     2/0     2/0   'CHEMBL2206469'
     397   1/0     1/0     1/0     1/0     2/0     2/0     2/0     2/0   'CHEMBL2206472'
     398   1/0     1/0     1/0     1/0     3/0     3/0     3/0     3/0   'CHEMBL2206473'
     399   1/0     1/0     1/0     1/0     2/0     2/0     2/0     2/0   'CHEMBL2206475'
     400   1/0     1/0     1/0     1/0     2/0     2/0     2/0     2/0   'CHEMBL2206476'
# counts of output and dropped structures after processing steps
# index  htreat  desalt  neutra   guard   epik   stereo    cgx   filter  title
     401   1/0     1/0     1/0     1/0     2/0     2/0     2/0     2/0   'CHEMBL2206477'
     402   1/0     1/0     1/0     1/0     2/0     2/0     2/0     2/0   'CHEMBL2206478'
     403   1/0     1/0     1/0     1/0     2/0     2/0     2/0     2/0   'CHEMBL2206479'
     404   1/0     1/0     1/0     1/0     2/0     2/0     2/0     2/0   'CHEMBL2206480'
     405   1/0     1/0     1/0     1/0     2/0     2/0     2/0     2/0   'CHEMBL2206481'
     406   1/0     1/0     1/0     1/0     2/0     2/0     2/0     2/0   'CHEMBL2206482'
     407   1/0     1/0     1/0     1/0     2/0     2/0     2/0     2/0   'CHEMBL2206483'
     408   1/0     1/0     1/0     1/0     2/0     2/0     2/0     2/0   'CHEMBL2206484'
     409   1/0     1/0     1/0     1/0     2/0     2/0     2/0     2/0   'CHEMBL2206485'
     410   1/0     1/0     1/0     1/0     3/0     3/0     3/0     3/0   'CHEMBL2206486'
     411   1/0     1/0     1/0     1/0     2/0     2/0     2/0     2/0   'CHEMBL2206487'
     412   1/0     1/0     1/0     1/0     1/0     1/0     1/0     1/0   'CHEMBL2346927'
     413   1/0     1/0     1/0     1/0     2/0     2/0     2/0     2/0   'CHEMBL2418633'
     414   1/0     1/0     1/0     1/0     2/0     2/0     2/0     2/0   'CHEMBL3084935'
     415   1/0     1/0     1/0     1/0     2/0     2/0     2/0     2/0   'CHEMBL3112971'
     416   1/0     1/0     1/0     1/0     3/0     3/0     3/0     3/0   'CHEMBL3215606'
     417   1/0     1/0     1/0     1/0     3/0     3/0     3/0     3/0   'CHEMBL3215608'
     418   1/0     1/0     1/0     1/0     3/0     3/0     3/0     3/0   'CHEMBL3215611'
     419   1/0     1/0     1/0     1/0     3/0     3/0     3/0     3/0   'CHEMBL3215820'
     420   1/0     1/0     1/0     1/0     3/0     3/0     3/0     3/0   'CHEMBL3215827'
     421   1/0     1/0     1/0     1/0     3/0     3/0     3/0     3/0   'CHEMBL3215828'
     422   1/0     1/0     1/0     1/0     3/0     3/0     3/0     3/0   'CHEMBL3215844'
     423   1/0     1/0     1/0     1/0     3/0     3/0     3/0     3/0   'CHEMBL3215858'
     424   1/0     1/0     1/0     1/0     2/0     2/0     2/0     2/0   'CHEMBL3215859'
     425   1/0     1/0     1/0     1/0     3/0     3/0     3/0     3/0   'CHEMBL3216060'
     426   1/0     1/0     1/0     1/0     3/0     3/0     3/0     3/0   'CHEMBL3216064'
     427   1/0     1/0     1/0     1/0     3/0     3/0     3/0     3/0   'CHEMBL3216270'
     428   1/0     1/0     1/0     1/0     3/0     3/0     3/0     3/0   'CHEMBL3216271'
     429   1/0     1/0     1/0     1/0     3/0     3/0     3/0     3/0   'CHEMBL3216272'
     430   1/0     1/0     1/0     1/0     3/0     3/0     3/0     3/0   'CHEMBL3216279'
     431   1/0     1/0     1/0     1/0     3/0     3/0     3/0     3/0   'CHEMBL3216483'
     432   1/0     1/0     1/0     1/0     3/0     3/0     3/0     3/0   'CHEMBL3216493'
     433   1/0     1/0     1/0     1/0     3/0     3/0     3/0     3/0   'CHEMBL3216495'
     434   1/0     1/0     1/0     1/0     2/0     2/0     2/0     2/0   'CHEMBL3216514'
     435   1/0     1/0     1/0     1/0     3/0     3/0     3/0     3/0   'CHEMBL3216719'
     436   1/0     1/0     1/0     1/0     3/0     3/0     3/0     3/0   'CHEMBL3216724'
     437   1/0     1/0     1/0     1/0     3/0     3/0     3/0     3/0   'CHEMBL3216748'
     438   1/0     1/0     1/0     1/0     3/0     3/0     3/0     3/0   'CHEMBL3216940'
     439   1/0     1/0     1/0     1/0     3/0     3/0     3/0     3/0   'CHEMBL3216941'
     440   1/0     1/0     1/0     1/0     3/0     3/0     3/0     3/0   'CHEMBL3217158'
     441   1/0     1/0     1/0     1/0     1/0     1/0     1/0     1/0   'CHEMBL3220153'
     442   1/0     1/0     1/0     1/0     1/0     1/0     1/0     1/0   'CHEMBL3343901'
     443   1/0     1/0     1/0     1/0     1/0     1/0     1/0     1/0   'CHEMBL3343902'
     444   1/0     1/0     1/0     1/0     1/0     1/0     1/0     1/0   'CHEMBL3343903'
     445   1/0     1/0     1/0     1/0     2/0     2/0     2/0     2/0   'CHEMBL3357780'
     446   1/0     1/0     1/0     1/0     3/0     3/0     3/0     3/0   'CHEMBL3357782'
     447   1/0     1/0     1/0     1/0     1/0     1/0     1/0     1/0   'CHEMBL3400963'
     448   1/0     1/0     1/0     1/0     1/0     1/0     1/0     1/0   'CHEMBL3400964'
     449   1/0     1/0     1/0     1/0     1/0     1/0     1/0     1/0   'CHEMBL3400965'
     450   1/0     1/0     1/0     1/0     1/0     1/0     1/0     1/0   'CHEMBL3400966'
# counts of output and dropped structures after processing steps
# index  htreat  desalt  neutra   guard   epik   stereo    cgx   filter  title
     451   1/0     1/0     1/0     1/0     1/0     1/0     1/0     1/0   'CHEMBL3402118'
     452   1/0     1/0     1/0     1/0     1/0     1/0     1/0     1/0   'CHEMBL3402120'
     453   1/0     1/0     1/0     1/0     1/0     1/0     1/0     1/0   'CHEMBL3402125'
     454   1/0     1/0     1/0     1/0     1/0     1/0     1/0     1/0   'CHEMBL3402129'
     455   1/0     1/0     1/0     1/0     2/0     2/0     2/0     2/0   'CHEMBL3425751'
     456   1/0     1/0     1/0     1/0     2/0     2/0     2/0     2/0   'CHEMBL3425752'
     457   1/0     1/0     1/0     1/0     2/0     2/0     2/0     2/0   'CHEMBL3616888'
     458   1/0     1/0     1/0     1/0     1/0     1/0     1/0     1/0   'CHEMBL3616894'
     459   1/0     1/0     1/0     1/0     1/0     1/0     1/0     1/0   'CHEMBL3616896'
     460   1/0     1/0     1/0     1/0     2/0     2/0     2/0     2/0   'CHEMBL3616901'
     461   1/0     1/0     1/0     1/0     2/0     2/0     2/0     2/0   'CHEMBL3616907'
     462   1/0     1/0     1/0     1/0     2/0     2/0     2/0     2/0   'CHEMBL3616909'
     463   1/0     1/0     1/0     1/0     4/0     4/0     4/0     4/0   'CHEMBL3644782'
     464   1/0     1/0     1/0     1/0     4/0     4/0     4/0     4/0   'CHEMBL3644783'
     465   1/0     1/0     1/0     1/0     4/0     4/0     4/0     4/0   'CHEMBL3644787'
     466   1/0     1/0     1/0     1/0     4/0     4/0     4/0     4/0   'CHEMBL3644788'
     467   1/0     1/0     1/0     1/0     4/0     4/0     4/0     4/0   'CHEMBL3644789'
     468   1/0     1/0     1/0     1/0     4/0     4/0     4/0     4/0   'CHEMBL3644792'
     469   1/0     1/0     1/0     1/0     4/0     4/0     4/0     4/0   'CHEMBL3644793'
     470   1/0     1/0     1/0     1/0     4/0     4/0     4/0     4/0   'CHEMBL3644794'
     471   1/0     1/0     1/0     1/0     2/0     2/0     2/0     2/0   'CHEMBL3644795'
     472   1/0     1/0     1/0     1/0     3/0     3/0     3/0     3/0   'CHEMBL3644798'
     473   1/0     1/0     1/0     1/0     4/0     4/0     4/0     4/0   'CHEMBL3644803'
     474   1/0     1/0     1/0     1/0     2/0     2/0     2/0     2/0   'CHEMBL3650438'
     475   1/0     1/0     1/0     1/0     1/0     1/0     1/0     1/0   'CHEMBL3675620'
     476   1/0     1/0     1/0     1/0     1/0     1/0     1/0     1/0   'CHEMBL3675621'
     477   1/0     1/0     1/0     1/0     1/0     1/0     1/0     1/0   'CHEMBL3675625'
     478   1/0     1/0     1/0     1/0     1/0     1/0     1/0     1/0   'CHEMBL3675626'
     479   1/0     1/0     1/0     1/0     2/0     2/0     2/0     2/0   'CHEMBL3675633'
     480   1/0     1/0     1/0     1/0     2/0     2/0     2/0     2/0   'CHEMBL3675634'
     481   1/0     1/0     1/0     1/0     1/0     1/0     1/0     1/0   'CHEMBL3675636'
     482   1/0     1/0     1/0     1/0     2/0     2/0     2/0     2/0   'CHEMBL3680628'
     483   1/0     1/0     1/0     1/0     1/0     1/0     1/0     1/0   'CHEMBL3680629'
     484   1/0     1/0     1/0     1/0     1/0     1/0     1/0     1/0   'CHEMBL3680630'
     485   1/0     1/0     1/0     1/0     1/0     1/0     1/0     1/0   'CHEMBL3680631'
     486   1/0     1/0     1/0     1/0     1/0     1/0     1/0     1/0   'CHEMBL3680632'
     487   1/0     1/0     1/0     1/0     1/0     1/0     1/0     1/0   'CHEMBL3680633'
     488   1/0     1/0     1/0     1/0     1/0     1/0     1/0     1/0   'CHEMBL3680634'
     489   1/0     1/0     1/0     1/0     1/0     1/0     1/0     1/0   'CHEMBL3680635'
     490   1/0     1/0     1/0     1/0     1/0     1/0     1/0     1/0   'CHEMBL3680636'
     491   1/0     1/0     1/0     1/0     1/0     1/0     1/0     1/0   'CHEMBL3680637'
     492   1/0     1/0     1/0     1/0     2/0     2/0     2/0     2/0   'CHEMBL3686749'
     493   1/0     1/0     1/0     1/0     2/0     2/0     2/0     2/0   'CHEMBL3686750'
     494   1/0     1/0     1/0     1/0     1/0     1/0     1/0     1/0   'CHEMBL3687981'
     495   1/0     1/0     1/0     1/0     5/0     5/0     5/0     5/0   'CHEMBL3697950'
     496   1/0     1/0     1/0     1/0     3/0     3/0     3/0     3/0   'CHEMBL3736067'
     497   1/0     1/0     1/0     1/0     4/0     4/0     4/0     4/0   'CHEMBL3797299'
     498   1/0     1/0     1/0     1/0     4/0     4/0     4/0     4/0   'CHEMBL3797842'
     499   1/0     1/0     1/0     1/0     4/0     4/0     4/0     4/0   'CHEMBL3798441'
     500   1/0     1/0     1/0     1/0     4/0     4/0     4/0     4/0   'CHEMBL3799388'
# counts of output and dropped structures after processing steps
# index  htreat  desalt  neutra   guard   epik   stereo    cgx   filter  title
     501   1/0     1/0     1/0     1/0     4/0     4/0     4/0     4/0   'CHEMBL3800113'
     502   1/0     1/0     1/0     1/0     2/0     2/0     2/0     2/0   'CHEMBL3892233'
     503   1/0     1/0     1/0     1/0     2/0     2/0     2/0     2/0   'CHEMBL3892718'
     504   1/0     1/0     1/0     1/0     1/0     1/0     1/0     1/0   'CHEMBL3893759'
     505   1/0     1/0     1/0     1/0     2/0     2/0     2/0     2/0   'CHEMBL3896047'
     506   1/0     1/0     1/0     1/0     2/0     2/0     2/0     2/0   'CHEMBL3897118'
     507   1/0     1/0     1/0     1/0     1/0     1/0     1/0     1/0   'CHEMBL3897624'
     508   1/0     1/0     1/0     1/0     2/0     2/0     2/0     2/0   'CHEMBL3898220'
     509   1/0     1/0     1/0     1/0     2/0     2/0     2/0     2/0   'CHEMBL3899590'
     510   1/0     1/0     1/0     1/0     1/0     1/0     1/0     1/0   'CHEMBL3901674'
     511   1/0     1/0     1/0     1/0     1/0     1/0     1/0     1/0   'CHEMBL3902771'
     512   1/0     1/0     1/0     1/0     1/0     1/0     1/0     1/0   'CHEMBL3903674'
     513   1/0     1/0     1/0     1/0     3/0     3/0     3/0     3/0   'CHEMBL3909049'
     514   1/0     1/0     1/0     1/0     2/0     2/0     2/0     2/0   'CHEMBL3910158'
     515   1/0     1/0     1/0     1/0     2/0     2/0     2/0     2/0   'CHEMBL3910262'
     516   1/0     1/0     1/0     1/0     2/0     2/0     2/0     2/0   'CHEMBL3915044'
     517   1/0     1/0     1/0     1/0     1/0     1/0     1/0     1/0   'CHEMBL3917354'
     518   1/0     1/0     1/0     1/0     2/0     2/0     2/0     2/0   'CHEMBL3919178'
     519   1/0     1/0     1/0     1/0     2/0     2/0     2/0     2/0   'CHEMBL3920718'
     520   1/0     1/0     1/0     1/0     2/0     2/0     2/0     2/0   'CHEMBL3924059'
     521   1/0     1/0     1/0     1/0     1/0     1/0     1/0     1/0   'CHEMBL3926493'
     522   1/0     1/0     1/0     1/0     3/0     3/0     3/0     3/0   'CHEMBL3927979'
     523   1/0     1/0     1/0     1/0     2/0     2/0     2/0     2/0   'CHEMBL3929627'
     524   1/0     1/0     1/0     1/0     1/0     1/0     1/0     1/0   'CHEMBL3931178'
     525   1/0     1/0     1/0     1/0     2/0     2/0     2/0     2/0   'CHEMBL3933623'
     526   1/0     1/0     1/0     1/0     2/0     2/0     2/0     2/0   'CHEMBL3938789'
     527   1/0     1/0     1/0     1/0     2/0     2/0     2/0     2/0   'CHEMBL3945617'
     528   1/0     1/0     1/0     1/0     1/0     1/0     1/0     1/0   'CHEMBL3948679'
     529   1/0     1/0     1/0     1/0     1/0     1/0     1/0     1/0   'CHEMBL3950914'
     530   1/0     1/0     1/0     1/0     1/0     1/0     1/0     1/0   'CHEMBL3953094'
     531   1/0     1/0     1/0     1/0     1/0     1/0     1/0     1/0   'CHEMBL3955534'
     532   1/0     1/0     1/0     1/0     1/0     1/0     1/0     1/0   'CHEMBL3957746'
     533   1/0     1/0     1/0     1/0     1/0     1/0     1/0     1/0   'CHEMBL3958670'
     534   1/0     1/0     1/0     1/0     2/0     2/0     2/0     2/0   'CHEMBL3962719'
     535   1/0     1/0     1/0     1/0     1/0     1/0     1/0     1/0   'CHEMBL3965610'
     536   1/0     1/0     1/0     1/0     1/0     1/0     1/0     1/0   'CHEMBL3965981'
     537   1/0     1/0     1/0     1/0     2/0     2/0     2/0     2/0   'CHEMBL3968249'
     538   1/0     1/0     1/0     1/0     3/0     3/0     3/0     3/0   'CHEMBL3970322'
     539   1/0     1/0     1/0     1/0     2/0     2/0     2/0     2/0   'CHEMBL3972227'
     540   1/0     1/0     1/0     1/0     1/0     1/0     1/0     1/0   'CHEMBL3973741'
     541   1/0     1/0     1/0     1/0     1/0     1/0     1/0     1/0   'CHEMBL3974068'
     542   1/0     1/0     1/0     1/0     1/0     1/0     1/0     1/0   'CHEMBL3974699'
     543   1/0     1/0     1/0     1/0     2/0     2/0     2/0     2/0   'CHEMBL3976778'
     544   1/0     1/0     1/0     1/0     2/0     2/0     2/0     2/0   'CHEMBL3979508'
     545   1/0     1/0     1/0     1/0     1/0     1/0     1/0     1/0   'CHEMBL3979864'
     546   1/0     1/0     1/0     1/0     2/0     2/0     2/0     2/0   'CHEMBL3979866'
     547   1/0     1/0     1/0     1/0     2/0     2/0     2/0     2/0   'CHEMBL3980269'
     548   1/0     1/0     1/0     1/0     2/0     2/0     2/0     2/0   'CHEMBL3984849'
     549   1/0     1/0     1/0     1/0     1/0     1/0     1/0     1/0   'CHEMBL3987141'
     550   1/0     1/0     1/0     1/0     2/0     2/0     2/0     2/0   'CHEMBL4059789'
# counts of output and dropped structures after processing steps
# index  htreat  desalt  neutra   guard   epik   stereo    cgx   filter  title
     551   1/0     1/0     1/0     1/0     3/0     3/0     3/0     3/0   'CHEMBL4059815'
     552   1/0     1/0     1/0     1/0     2/0     2/0     2/0     2/0   'CHEMBL4062977'
     553   1/0     1/0     1/0     1/0     2/0     2/0     2/0     2/0   'CHEMBL4067185'
     554   1/0     1/0     1/0     1/0     2/0     2/0     2/0     2/0   'CHEMBL4068446'
     555   1/0     1/0     1/0     1/0     2/0     2/0     2/0     2/0   'CHEMBL4071607'
     556   1/0     1/0     1/0     1/0     2/0     2/0     2/0     2/0   'CHEMBL4071958'
     557   1/0     1/0     1/0     1/0     2/0     2/0     2/0     2/0   'CHEMBL4072218'
     558   1/0     1/0     1/0     1/0     2/0     2/0     2/0     2/0   'CHEMBL4075351'
     559   1/0     1/0     1/0     1/0     2/0     2/0     2/0     2/0   'CHEMBL4077174'
     560   1/0     1/0     1/0     1/0     2/0     2/0     2/0     2/0   'CHEMBL4078049'
     561   1/0     1/0     1/0     1/0     2/0     2/0     2/0     2/0   'CHEMBL4078112'
     562   1/0     1/0     1/0     1/0     2/0     2/0     2/0     2/0   'CHEMBL4081713'
     563   1/0     1/0     1/0     1/0     2/0     2/0     2/0     2/0   'CHEMBL4082445'
     564   1/0     1/0     1/0     1/0     2/0     2/0     2/0     2/0   'CHEMBL4082680'
     565   1/0     1/0     1/0     1/0     2/0     2/0     2/0     2/0   'CHEMBL4085490'
     566   1/0     1/0     1/0     1/0     2/0     2/0     2/0     2/0   'CHEMBL4086264'
     567   1/0     1/0     1/0     1/0     3/0     3/0     3/0     3/0   'CHEMBL4089615'
     568   1/0     1/0     1/0     1/0     2/0     2/0     2/0     2/0   'CHEMBL4090635'
     569   1/0     1/0     1/0     1/0     2/0     2/0     2/0     2/0   'CHEMBL4090906'
     570   1/0     1/0     1/0     1/0     2/0     2/0     2/0     2/0   'CHEMBL4093298'
     571   1/0     1/0     1/0     1/0     2/0     2/0     2/0     2/0   'CHEMBL4096274'
     572   1/0     1/0     1/0     1/0     2/0     2/0     2/0     2/0   'CHEMBL4097306'
     573   1/0     1/0     1/0     1/0     3/0     3/0     3/0     3/0   'CHEMBL4098218'
     574   1/0     1/0     1/0     1/0     3/0     3/0     3/0     3/0   'CHEMBL4098936'
     575   1/0     1/0     1/0     1/0     2/0     2/0     2/0     2/0   'CHEMBL4100667'
     576   1/0     1/0     1/0     1/0     3/0     3/0     3/0     3/0   'CHEMBL4106669'
     577   1/0     1/0     1/0     1/0     1/0     1/0     1/0     1/0   'CHEMBL4161474'
     578   1/0     1/0     1/0     1/0     1/0     1/0     1/0     1/0   'CHEMBL4161924'
     579   1/0     1/0     1/0     1/0     1/0     1/0     1/0     1/0   'CHEMBL4162971'
     580   1/0     1/0     1/0     1/0     1/0     1/0     1/0     1/0   'CHEMBL4165359'
     581   1/0     1/0     1/0     1/0     1/0     1/0     1/0     1/0   'CHEMBL4169845'
     582   1/0     1/0     1/0     1/0     1/0     1/0     1/0     1/0   'CHEMBL4173272'
     583   1/0     1/0     1/0     1/0     1/0     1/0     1/0     1/0   'CHEMBL4173673'
     584   1/0     1/0     1/0     1/0     1/0     1/0     1/0     1/0   'CHEMBL4175111'
     585   1/0     1/0     1/0     1/0     3/0     3/0     3/0     3/0   'CHEMBL4238698'
     586   1/0     1/0     1/0     1/0     2/0     2/0     2/0     2/0   'CHEMBL4239107'
     587   1/0     1/0     1/0     1/0     2/0     2/0     2/0     2/0   'CHEMBL4242416'
     588   1/0     1/0     1/0     1/0     2/0     2/0     2/0     2/0   'CHEMBL4242883'
     589   1/0     1/0     1/0     1/0     2/0     2/0     2/0     2/0   'CHEMBL4249193'
     590   1/0     1/0     1/0     1/0     1/0     1/0     1/0     1/0   'CHEMBL4434648'
     591   1/0     1/0     1/0     1/0     1/0     1/0     1/0     1/0   'CHEMBL4437841'
     592   1/0     1/0     1/0     1/0     1/0     1/0     1/0     1/0   'CHEMBL4458832'
     593   1/0     1/0     1/0     1/0     2/0     2/0     2/0     2/0   'CHEMBL4460852'
     594   1/0     1/0     1/0     1/0     1/0     1/0     1/0     1/0   'CHEMBL4461587'
     595   1/0     1/0     1/0     1/0     1/0     1/0     1/0     1/0   'CHEMBL4464069'
     596   1/0     1/0     1/0     1/0     1/0     1/0     1/0     1/0   'CHEMBL4464592'
     597   1/0     1/0     1/0     1/0     1/0     1/0     1/0     1/0   'CHEMBL4464819'
     598   1/0     1/0     1/0     1/0     1/0     1/0     1/0     1/0   'CHEMBL4465374'
     599   1/0     1/0     1/0     1/0     1/0     1/0     1/0     1/0   'CHEMBL4468590'
     600   1/0     1/0     1/0     1/0     1/0     1/0     1/0     1/0   'CHEMBL4516388'
# counts of output and dropped structures after processing steps
# index  htreat  desalt  neutra   guard   epik   stereo    cgx   filter  title
     601   1/0     1/0     1/0     1/0     1/0     1/0     1/0     1/0   'CHEMBL4524414'
     602   1/0     1/0     1/0     1/0     1/0     1/0     1/0     1/0   'CHEMBL4528149'
     603   1/0     1/0     1/0     1/0     2/0     2/0     2/0     2/0   'CHEMBL4535549'
     604   1/0     1/0     1/0     1/0     1/0     1/0     1/0     1/0   'CHEMBL4536341'
     605   1/0     1/0     1/0     1/0     1/0     1/0     1/0     1/0   'CHEMBL4544024'
     606   1/0     1/0     1/0     1/0     2/0     2/0     2/0     2/0   'CHEMBL4563476'
     607   1/0     1/0     1/0     1/0     1/0     1/0     1/0     1/0   'CHEMBL4577865'
     608   1/0     1/0     1/0     1/0     1/0     1/0     1/0     1/0   'CHEMBL4588692'
     609   1/0     1/0     1/0     1/0     1/0     1/0     1/0     1/0   'CHEMBL4632896'
     610   1/0     1/0     1/0     1/0     4/0     4/0     4/0     4/0   'CHEMBL4634474'
     611   1/0     1/0     1/0     1/0     2/0     2/0     2/0     2/0   'CHEMBL4638480'
     612   1/0     1/0     1/0     1/0     3/0     3/0     3/0     3/0   'CHEMBL4740282'
     613   1/0     1/0     1/0     1/0     4/0     4/0     4/0     4/0   'CHEMBL4742337'
     614   1/0     1/0     1/0     1/0     2/0     2/0     2/0     2/0   'CHEMBL4743350'
     615   1/0     1/0     1/0     1/0     3/0     3/0     3/0     3/0   'CHEMBL4744389'
     616   1/0     1/0     1/0     1/0     2/0     2/0     2/0     2/0   'CHEMBL4745258'
     617   1/0     1/0     1/0     1/0     3/0     3/0     3/0     3/0   'CHEMBL4746458'
     618   1/0     1/0     1/0     1/0     2/0     2/0     2/0     2/0   'CHEMBL4749117'
     619   1/0     1/0     1/0     1/0     2/0     2/0     2/0     2/0   'CHEMBL4750433'
     620   1/0     1/0     1/0     1/0     2/0     2/0     2/0     2/0   'CHEMBL4751384'
     621   1/0     1/0     1/0     1/0     2/0     2/0     2/0     2/0   'CHEMBL4761281'
     622   1/0     1/0     1/0     1/0     2/0     2/0     2/0     2/0   'CHEMBL4762199'
     623   1/0     1/0     1/0     1/0     2/0     2/0     2/0     2/0   'CHEMBL4764779'
     624   1/0     1/0     1/0     1/0     2/0     2/0     2/0     2/0   'CHEMBL4776485'
     625   1/0     1/0     1/0     1/0     3/0     3/0     3/0     3/0   'CHEMBL4776573'
     626   1/0     1/0     1/0     1/0     2/0     2/0     2/0     2/0   'CHEMBL4782382'
     627   1/0     1/0     1/0     1/0     2/0     2/0     2/0     2/0   'CHEMBL4783756'
     628   1/0     1/0     1/0     1/0     2/0     2/0     2/0     2/0   'CHEMBL4784857'
     629   1/0     1/0     1/0     1/0     2/0     2/0     2/0     2/0   'CHEMBL4785060'
     630   1/0     1/0     1/0     1/0     2/0     2/0     2/0     2/0   'CHEMBL4795875'
     631   1/0     1/0     1/0     1/0     2/0     2/0     2/0     2/0   'CHEMBL4796411'
     632   1/0     1/0     1/0     1/0     2/0     2/0     2/0     2/0   'CHEMBL4799779'
     633   1/0     1/0     1/0     1/0     2/0     2/0     2/0     2/0   'CHEMBL4867117'
     634   1/0     1/0     1/0     1/0     1/0     1/0     1/0     1/0   'CHEMBL5219532'
     635   1/0     1/0     1/0     1/0     1/0     1/0     1/0     1/0   'CHEMBL5219966'
     636   1/0     1/0     1/0     1/0     1/0     1/0     1/0     1/0   'CHEMBL5219996'
     637   1/0     1/0     1/0     1/0     1/0     1/0     1/0     1/0   'CHEMBL5220613'
     638   1/0     1/0     1/0     1/0     3/0     3/0     3/0     3/0   'CHEMBL5265910'
     639   1/0     1/0     1/0     1/0     2/0     2/0     2/0     2/0   'CHEMBL5267798'
     640   1/0     1/0     1/0     1/0     2/0     2/0     2/0     2/0   'CHEMBL5269668'
     641   1/0     1/0     1/0     1/0     3/0     3/0     3/0     3/0   'CHEMBL5269746'
     642   1/0     1/0     1/0     1/0     2/0     2/0     2/0     2/0   'CHEMBL5269884'
     643   1/0     1/0     1/0     1/0     1/0     1/0     1/0     1/0   'CHEMBL5270959'
     644   1/0     1/0     1/0     1/0     2/0     2/0     2/0     2/0   'CHEMBL5271401'
     645   1/0     1/0     1/0     1/0     2/0     2/0     2/0     2/0   'CHEMBL5272644'
     646   1/0     1/0     1/0     1/0     2/0     2/0     2/0     2/0   'CHEMBL5273793'
     647   1/0     1/0     1/0     1/0     3/0     3/0     3/0     3/0   'CHEMBL5275046'
     648   1/0     1/0     1/0     1/0     2/0     2/0     2/0     2/0   'CHEMBL5275453'
     649   1/0     1/0     1/0     1/0     2/0     2/0     2/0     2/0   'CHEMBL5276298'
     650   1/0     1/0     1/0     1/0     2/0     2/0     2/0     2/0   'CHEMBL5276657'
# counts of output and dropped structures after processing steps
# index  htreat  desalt  neutra   guard   epik   stereo    cgx   filter  title
     651   1/0     1/0     1/0     1/0     3/0     3/0     3/0     3/0   'CHEMBL5276887'
     652   1/0     1/0     1/0     1/0     2/0     2/0     2/0     2/0   'CHEMBL5277828'
     653   1/0     1/0     1/0     1/0     1/0     1/0     1/0     1/0   'CHEMBL5278621'
     654   1/0     1/0     1/0     1/0     2/0     2/0     2/0     2/0   'CHEMBL5279474'
     655   1/0     1/0     1/0     1/0     2/0     2/0     2/0     2/0   'CHEMBL5283810'
     656   1/0     1/0     1/0     1/0     1/0     1/0     1/0     1/0   'CHEMBL5285191'
     657   1/0     1/0     1/0     1/0     2/0     2/0     2/0     2/0   'CHEMBL5287917'
     658   1/0     1/0     1/0     1/0     2/0     2/0     2/0     2/0   'CHEMBL5289339'
     659   1/0     1/0     1/0     1/0     2/0     2/0     2/0     2/0   'CHEMBL5289984'
     660   1/0     1/0     1/0     1/0     2/0     2/0     2/0     2/0   'CHEMBL5399740'
     661   1/0     1/0     1/0     1/0     2/0     2/0     2/0     2/0   'CHEMBL5405820'
     662   1/0     1/0     1/0     1/0     2/0     2/0     2/0     2/0   'CHEMBL5410220'
     663   1/0     1/0     1/0     1/0     2/0     2/0     2/0     2/0   'CHEMBL5418259'
     664   1/0     1/0     1/0     1/0     2/0     2/0     2/0     2/0   'CHEMBL5435689'

# of processed structures in "ligprep_docking_ligands_ro5_violated-out.maegz" : 1388
# of dropped structures in "ligprep_docking_ligands_ro5_violated-dropped.maegz" : 0

backend run time: 0 hours 23 minutes 7.358 seconds
