
====================================
            Glide Script            
====================================

mmshare         e304c7da19
glide-src       0ca00f32ab
psp-src         e85839dc34
macromodel-src  9753ab8ec4
epik-src        71ce3f965c

--------------------------------------------------------------------------------
JobId          : aq92-0-681b4f63
Name           : glide_1FJS_cognate
Program        : Glide
Version        : 2024-1 build 135
Host           : aq92
Dir            : /media/TC_Lehre/storage/meinschad_lukas_ff_pr/2025/Day_3/glide_1FJS_cognate
HostEntry      : localhost
JobHost        : aq92
JobDir         : /scratch/praktikum/glide_1FJS_cognate
JobSchrodinger : /usr/local/schrodinger2024-1
Commandline    : /usr/local/schrodinger2024-1/glide glide_1FJS_cognate.in -OVERWRITE -adjust -HOST localhost:1 -PROJ /media/TC_Lehre/storage/meinschad_lukas_ff_pr/2025/Day_3/FXa_Glide.prj -DISP append -VIEWNAME glide_docking_gui.DockingPanel -TMPLAUNCHDIR
StartTime      : 2025-05-07-14:17:40
--------------------------------------------------------------------------------

Running locally: False
Max retries: 2
Input file: glide_1FJS_cognate.in

Setting up docking job
Separating ligands...
Number of structures that are to be docked: 4
Setting up Glide docking jobs...

Running subjobs on hosts:
  localhost (Max: 1)
Number of jobs:       2
Max retries per job:  2
Max allowed failures: unlimited
Verbosity:            normal

Starting JobDJ...

Keep one job on driver host: False
Smart license checking: True
JobDJ columns:
  C: Number of completed subjobs
  A: Number of active subjobs (e.g., submitted, running)
  W: Number of waiting/pending subjobs

C A W | Activity  JobId  JobName  JobHost
- - - | --------- -----------------------
0 1 1 | launched  aq92-0-681b4f68 glide_1FJS_cognate-0001 localhost [aq92]
1 0 1 | finished  aq92-0-681b4f68 glide_1FJS_cognate-0001 localhost [aq92]
1 1 0 | launched  aq92-0-681b4f7d glide_1FJS_cognate-0002 localhost [aq92]
2 0 0 | finished  aq92-0-681b4f7d glide_1FJS_cognate-0002 localhost [aq92]

All jobs have completed.

2 of 2 job(s) succeeded; 0 job(s) failed.

All jobs succeeded: 4 ligands done.
Writing 4 poses to glide_1FJS_cognate_pv.maegz; database holds 4 poses.
Best docking score: -12.873
Writing glide_1FJS_cognate.csv
Writing glide_1FJS_cognate_skip.csv
Combining log files to glide_1FJS_cognate_subjobs.log
Archiving subjob pose files in glide_1FJS_cognate_subjob_poses.zip
Archiving subjob input and log files in glide_1FJS_cognate_subjobs.tar.gz
Cleaning up...

Elapsed times:
- preprocessing: 0.0 s
- running subjobs: 40.5 s
- postprocessing: 0.1 s
- cleanup: 0.0 s

All Glide docking subjobs: Total CPU time = 28 seconds

Finished at: Wed May  7 14:18:23 2025
Total elapsed time for Glide script = 41 seconds
[running at reduced cpu priority]
