
====================================
            Glide Script            
====================================

mmshare         e304c7da19
glide-src       0ca00f32ab
psp-src         e85839dc34
macromodel-src  9753ab8ec4
epik-src        71ce3f965c

--------------------------------------------------------------------------------
JobId          : aq93-0-681c5cc1
Name           : glide_dock_ro5_fulfilled_split
Program        : Glide
Version        : 2024-1 build 135
Host           : aq93
Dir            : /media/TC_Lehre/storage/meinschad_lukas_ff_pr/2025/Day_3/docking_my_protein/glide_dock_ro5_fulfilled_split
HostEntry      : localhost
JobHost        : aq93
JobDir         : /scratch/praktikum/glide_dock_ro5_fulfilled_split
JobSchrodinger : /usr/local/schrodinger2024-1
Commandline    : /usr/local/schrodinger2024-1/glide glide_dock_ro5_fulfilled_split.in -OVERWRITE -adjust -HOST localhost:1 -PROJ /media/TC_Lehre/storage/meinschad_lukas_ff_pr/2025/Day_3/docking_my_protein/dipeptidyl_peptidase_4_docking_r05_fullfilled.prj -DISP append -VIEWNAME glide_docking_gui.DockingPanel -TMPLAUNCHDIR
StartTime      : 2025-05-08-09:26:58
--------------------------------------------------------------------------------

Running locally: False
Max retries: 2
Input file: glide_dock_ro5_fulfilled_split.in

Setting up docking job
Separating ligands...
.                                                       1282
Number of structures that are to be docked: 1282
Setting up Glide docking jobs...

Running subjobs on hosts:
  localhost (Max: 1)
Number of jobs:       2
Max retries per job:  2
Max allowed failures: unlimited
Verbosity:            normal

Starting JobDJ...

Keep one job on driver host: False
Smart license checking: True
JobDJ columns:
  C: Number of completed subjobs
  A: Number of active subjobs (e.g., submitted, running)
  W: Number of waiting/pending subjobs

C A W | Activity  JobId  JobName  JobHost
- - - | --------- -----------------------
0 1 1 | launched  aq93-0-681c5cc7 glide_dock_ro5_fulfilled_split-0001 localhost [aq93]
1 0 1 | finished  aq93-0-681c5cc7 glide_dock_ro5_fulfilled_split-0001 localhost [aq93]
1 1 0 | launched  aq93-0-681c6cd9 glide_dock_ro5_fulfilled_split-0002 localhost [aq93]
2 0 0 | finished  aq93-0-681c6cd9 glide_dock_ro5_fulfilled_split-0002 localhost [aq93]

All jobs have completed.

2 of 2 job(s) succeeded; 0 job(s) failed.

All jobs succeeded: 1282 ligands done.
Writing 1,085 poses to glide_dock_ro5_fulfilled_split_pv.maegz; database holds 1,085 poses.
Best docking score: -10.843

Some ligands were not docked for the following reasons:

   Count  Reason
--------  ------------------------------------------------------------
     117  NO GOOD POSES FOUND
      73  NO POSES STORED FOR LIGAND
       3  INVALID ATOM(S), ETC.

Writing glide_dock_ro5_fulfilled_split.csv
Writing glide_dock_ro5_fulfilled_split_skip.csv
Combining log files to glide_dock_ro5_fulfilled_split_subjobs.log
Archiving subjob pose files in glide_dock_ro5_fulfilled_split_subjob_poses.zip
Archiving subjob input and log files in glide_dock_ro5_fulfilled_split_subjobs.tar.gz
Cleaning up...

Elapsed times:
- preprocessing: 0.4 s
- running subjobs: 7242.8 s
- postprocessing: 1.3 s
- cleanup: 0.6 s

All Glide docking subjobs: Total CPU time = 2 hours and 28 seconds

Finished at: Thu May  8 11:27:46 2025
Total elapsed time for Glide script = 2 hours and 45 seconds
[running at reduced cpu priority]
