
====================================
            Glide Script            
====================================

mmshare         e304c7da19
glide-src       0ca00f32ab
psp-src         e85839dc34
macromodel-src  9753ab8ec4
epik-src        71ce3f965c

--------------------------------------------------------------------------------
JobId          : aq92-0-681b6a50
Name           : glide_dock_congate_ligand_sitagliptin
Program        : Glide
Version        : 2024-1 build 135
Host           : aq92
Dir            : /media/TC_Lehre/storage/meinschad_lukas_ff_pr/2025/Day_3/docking_my_protein/glide_dock_congate_ligand_sitagliptin
HostEntry      : localhost
JobHost        : aq92
JobDir         : /scratch/praktikum/glide_dock_congate_ligand_sitagliptin
JobSchrodinger : /usr/local/schrodinger2024-1
Commandline    : /usr/local/schrodinger2024-1/glide glide_dock_congate_ligand_sitagliptin.in -OVERWRITE -adjust -HOST localhost:1 -PROJ /media/TC_Lehre/storage/meinschad_lukas_ff_pr/2025/Day_3/docking_my_protein/dipeptidyl_peptidase_4_docking.prj -DISP append -VIEWNAME glide_docking_gui.DockingPanel -TMPLAUNCHDIR
StartTime      : 2025-05-07-16:12:33
--------------------------------------------------------------------------------

Running locally: False
Max retries: 2
Input file: glide_dock_congate_ligand_sitagliptin.in

Setting up docking job
Separating ligands...
Number of structures that are to be docked: 2
Setting up Glide docking jobs...

Running subjobs on hosts:
  localhost (Max: 1)
Number of jobs:       1
Max retries per job:  2
Max allowed failures: unlimited
Verbosity:            normal

Starting JobDJ...

Keep one job on driver host: False
Smart license checking: True
JobDJ columns:
  C: Number of completed subjobs
  A: Number of active subjobs (e.g., submitted, running)
  W: Number of waiting/pending subjobs

C A W | Activity  JobId  JobName  JobHost
- - - | --------- -----------------------
0 1 0 | launched  aq92-0-681b6a56 glide_dock_congate_ligand_sitagliptin-0001 localhost [aq92]
1 0 0 | finished  aq92-0-681b6a56 glide_dock_congate_ligand_sitagliptin-0001 localhost [aq92]

All jobs have completed.

1 of 1 job(s) succeeded; 0 job(s) failed.

All jobs succeeded: 2 ligands done.
Writing 2 poses to glide_dock_congate_ligand_sitagliptin_pv.maegz; database holds 2 poses.
Best docking score: -10.011
Writing glide_dock_congate_ligand_sitagliptin.csv
Writing glide_dock_congate_ligand_sitagliptin_skip.csv
Combining log files to glide_dock_congate_ligand_sitagliptin_subjobs.log
Archiving subjob pose files in glide_dock_congate_ligand_sitagliptin_subjob_poses.zip
Archiving subjob input and log files in glide_dock_congate_ligand_sitagliptin_subjobs.tar.gz
Cleaning up...

Elapsed times:
- preprocessing: 0.0 s
- running subjobs: 17.9 s
- postprocessing: 0.3 s
- cleanup: 0.0 s

All Glide docking subjobs: Total CPU time = 11 seconds

Finished at: Wed May  7 16:12:54 2025
Total elapsed time for Glide script = 19 seconds
[running at reduced cpu priority]
