
====================================
            Glide Script            
====================================

mmshare         e304c7da19
glide-src       0ca00f32ab
psp-src         e85839dc34
macromodel-src  9753ab8ec4
epik-src        71ce3f965c

--------------------------------------------------------------------------------
JobId          : aq92-0-681b50a5
Name           : glide_1FJS_screening
Program        : Glide
Version        : 2024-1 build 135
Host           : aq92
Dir            : /media/TC_Lehre/storage/meinschad_lukas_ff_pr/2025/Day_3/glide_1FJS_screening
HostEntry      : localhost
JobHost        : aq92
JobDir         : /scratch/praktikum/glide_1FJS_screening
JobSchrodinger : /usr/local/schrodinger2024-1
Commandline    : /usr/local/schrodinger2024-1/glide glide_1FJS_screening.in -OVERWRITE -adjust -HOST localhost:1 -PROJ /media/TC_Lehre/storage/meinschad_lukas_ff_pr/2025/Day_3/FXa_Glide.prj -DISP append -VIEWNAME glide_docking_gui.DockingPanel -TMPLAUNCHDIR
StartTime      : 2025-05-07-14:23:02
--------------------------------------------------------------------------------

Running locally: False
Max retries: 2
Input file: glide_1FJS_screening.in

Setting up docking job
Separating ligands...
Number of structures that are to be docked: 91
Setting up Glide docking jobs...

Running subjobs on hosts:
  localhost (Max: 1)
Number of jobs:       2
Max retries per job:  2
Max allowed failures: unlimited
Verbosity:            normal

Starting JobDJ...

Keep one job on driver host: False
Smart license checking: True
JobDJ columns:
  C: Number of completed subjobs
  A: Number of active subjobs (e.g., submitted, running)
  W: Number of waiting/pending subjobs

C A W | Activity  JobId  JobName  JobHost
- - - | --------- -----------------------
0 1 1 | launched  aq92-0-681b50aa glide_1FJS_screening-0001 localhost [aq92]
1 0 1 | finished  aq92-0-681b50aa glide_1FJS_screening-0001 localhost [aq92]
1 1 0 | launched  aq92-0-681b5135 glide_1FJS_screening-0002 localhost [aq92]
2 0 0 | finished  aq92-0-681b5135 glide_1FJS_screening-0002 localhost [aq92]

All jobs have completed.

2 of 2 job(s) succeeded; 0 job(s) failed.

All jobs succeeded: 91 ligands done.
Writing 28 poses to glide_1FJS_screening_pv.maegz; database holds 28 poses.
Best docking score: -10.962

Some ligands were not docked for the following reasons:

   Count  Reason
--------  ------------------------------------------------------------
      42  NO POSES STORED FOR LIGAND
       9  ROUGH POSE REFINE FAILED
       7  INVALID ATOM(S), ETC.
       5  GRID-ENERGY MIN FAILED

Writing glide_1FJS_screening.csv
Writing glide_1FJS_screening_skip.csv
Combining log files to glide_1FJS_screening_subjobs.log
Archiving subjob pose files in glide_1FJS_screening_subjob_poses.zip
Archiving subjob input and log files in glide_1FJS_screening_subjobs.tar.gz
Cleaning up...

Elapsed times:
- preprocessing: 0.0 s
- running subjobs: 235.7 s
- postprocessing: 0.1 s
- cleanup: 0.0 s

All Glide docking subjobs: Total CPU time = 3 minutes and 43 seconds

Finished at: Wed May  7 14:27:00 2025
Total elapsed time for Glide script = 3 minutes and 56 seconds
[running at reduced cpu priority]
